Component: ARM Compiler 5.05 update 1 (build 106) Tool: armlink [4d0efa]

==============================================================================

Section Cross References

    pwm.o(i.PWM_Init) refers to stm32f10x_rcc.o(i.RCC_APB2PeriphClockCmd) for RCC_APB2PeriphClockCmd
    pwm.o(i.PWM_Init) refers to stm32f10x_rcc.o(i.RCC_APB1PeriphClockCmd) for RCC_APB1PeriphClockCmd
    pwm.o(i.PWM_Init) refers to stm32f10x_rcc.o(i.RCC_AHBPeriphClockCmd) for RCC_AHBPeriphClockCmd
    pwm.o(i.PWM_Init) refers to stm32f10x_gpio.o(i.GPIO_Init) for GPIO_Init
    pwm.o(i.PWM_Init) refers to stm32f10x_tim.o(i.TIM_TimeBaseInit) for TIM_TimeBaseInit
    pwm.o(i.PWM_Init) refers to stm32f10x_tim.o(i.TIM_OC1Init) for TIM_OC1Init
    pwm.o(i.PWM_Init) refers to stm32f10x_tim.o(i.TIM_OC1PreloadConfig) for TIM_OC1PreloadConfig
    pwm.o(i.PWM_Init) refers to stm32f10x_tim.o(i.TIM_ARRPreloadConfig) for TIM_ARRPreloadConfig
    pwm.o(i.PWM_Init) refers to stm32f10x_tim.o(i.TIM_Cmd) for TIM_Cmd
    pwm.o(i.PWM_Init) refers to stm32f10x_dma.o(i.DMA_DeInit) for DMA_DeInit
    pwm.o(i.PWM_Init) refers to stm32f10x_dma.o(i.DMA_Init) for DMA_Init
    pwm.o(i.PWM_Init) refers to stm32f10x_tim.o(i.TIM_DMACmd) for TIM_DMACmd
    pwm.o(i.PWM_Init) refers to ws281x.o(.bss) for pixelBuffer
    ws281x.o(i.ws281x_closeAll) refers to ws281x.o(i.ws281x_show) for ws281x_show
    ws281x.o(i.ws281x_closeAll) refers to ws281x.o(.bss) for pixelBuffer
    ws281x.o(i.ws281x_colorTran) refers to ws281x.o(i.ws281x_color) for ws281x_color
    ws281x.o(i.ws281x_colorWipe_freq) refers to ws281x.o(i.ws281x_color) for ws281x_color
    ws281x.o(i.ws281x_colorWipe_freq) refers to ws281x.o(i.ws281x_colorWipe_lr) for ws281x_colorWipe_lr
    ws281x.o(i.ws281x_colorWipe_freq) refers to timer.o(.data) for ws281x_freq_num
    ws281x.o(i.ws281x_colorWipe_lr) refers to ws281x.o(i.ws281x_setPixelColor_ringleds) for ws281x_setPixelColor_ringleds
    ws281x.o(i.ws281x_colorWipe_lr) refers to ws281x.o(i.ws281x_show) for ws281x_show
    ws281x.o(i.ws281x_colorblnCtrl) refers to ws281x.o(i.ws281x_colorTran) for ws281x_colorTran
    ws281x.o(i.ws281x_colorblnCtrl) refers to ws281x.o(i.ws281x_setPixelColor) for ws281x_setPixelColor
    ws281x.o(i.ws281x_colorblnCtrl) refers to ws281x.o(i.ws281x_show) for ws281x_show
    ws281x.o(i.ws281x_colorblnCtrl) refers to timer.o(.data) for ws281x_bln_num
    ws281x.o(i.ws281x_display) refers to ws281x.o(i.ws281x_colorblnCtrl) for ws281x_colorblnCtrl
    ws281x.o(i.ws281x_display) refers to timer.o(.data) for ws281x_led_display_mode
    ws281x.o(i.ws281x_setPixelColor) refers to ws281x.o(.bss) for pixelBuffer
    ws281x.o(i.ws281x_setPixelColor_ringleds) refers to ws281x.o(.bss) for pixelBuffer
    ws281x.o(i.ws281x_setPixelColor_wheel_leds) refers to ws281x.o(i.ws281x_show) for ws281x_show
    ws281x.o(i.ws281x_setPixelColor_wheel_leds) refers to ws281x.o(.bss) for pixelBuffer
    ws281x.o(i.ws281x_show) refers to stm32f10x_dma.o(i.DMA_SetCurrDataCounter) for DMA_SetCurrDataCounter
    ws281x.o(i.ws281x_show) refers to stm32f10x_dma.o(i.DMA_Cmd) for DMA_Cmd
    ws281x.o(i.ws281x_show) refers to stm32f10x_tim.o(i.TIM_Cmd) for TIM_Cmd
    ws281x.o(i.ws281x_show) refers to stm32f10x_dma.o(i.DMA_GetFlagStatus) for DMA_GetFlagStatus
    ws281x.o(i.ws281x_show) refers to stm32f10x_dma.o(i.DMA_ClearFlag) for DMA_ClearFlag
    timer.o(i.TIM3_IRQHandler) refers to stm32f10x_tim.o(i.TIM_GetITStatus) for TIM_GetITStatus
    timer.o(i.TIM3_IRQHandler) refers to stm32f10x_tim.o(i.TIM_ClearITPendingBit) for TIM_ClearITPendingBit
    timer.o(i.TIM3_IRQHandler) refers to timer.o(.data) for ws281x_led_display_time
    timer.o(i.TIM3_IRQHandler) refers to usart.o(.data) for flag1
    timer.o(i.TIM3_Int_Init) refers to stm32f10x_rcc.o(i.RCC_APB1PeriphClockCmd) for RCC_APB1PeriphClockCmd
    timer.o(i.TIM3_Int_Init) refers to stm32f10x_tim.o(i.TIM_TimeBaseInit) for TIM_TimeBaseInit
    timer.o(i.TIM3_Int_Init) refers to stm32f10x_tim.o(i.TIM_ITConfig) for TIM_ITConfig
    timer.o(i.TIM3_Int_Init) refers to misc.o(i.NVIC_Init) for NVIC_Init
    timer.o(i.TIM3_Int_Init) refers to stm32f10x_tim.o(i.TIM_Cmd) for TIM_Cmd
    oled_i2c.o(i.I2C_Configuration) refers to stm32f10x_rcc.o(i.RCC_APB1PeriphClockCmd) for RCC_APB1PeriphClockCmd
    oled_i2c.o(i.I2C_Configuration) refers to stm32f10x_rcc.o(i.RCC_APB2PeriphClockCmd) for RCC_APB2PeriphClockCmd
    oled_i2c.o(i.I2C_Configuration) refers to stm32f10x_gpio.o(i.GPIO_Init) for GPIO_Init
    oled_i2c.o(i.I2C_Configuration) refers to stm32f10x_i2c.o(i.I2C_Init) for I2C_Init
    oled_i2c.o(i.I2C_Configuration) refers to stm32f10x_i2c.o(i.I2C_Cmd) for I2C_Cmd
    oled_i2c.o(i.I2C_WriteByte) refers to stm32f10x_i2c.o(i.I2C_GetFlagStatus) for I2C_GetFlagStatus
    oled_i2c.o(i.I2C_WriteByte) refers to stm32f10x_i2c.o(i.I2C_GenerateSTART) for I2C_GenerateSTART
    oled_i2c.o(i.I2C_WriteByte) refers to stm32f10x_i2c.o(i.I2C_CheckEvent) for I2C_CheckEvent
[...]
    Removing stm32f10x_sdio.o(i.SDIO_SendSDIOSuspendCmd), (12 bytes).
    Removing stm32f10x_sdio.o(i.SDIO_SetPowerState), (28 bytes).
    Removing stm32f10x_sdio.o(i.SDIO_SetSDIOOperation), (12 bytes).
    Removing stm32f10x_sdio.o(i.SDIO_SetSDIOReadWaitMode), (12 bytes).
    Removing stm32f10x_sdio.o(i.SDIO_StartSDIOReadWait), (12 bytes).
    Removing stm32f10x_sdio.o(i.SDIO_StopSDIOReadWait), (12 bytes).
    Removing stm32f10x_sdio.o(i.SDIO_StructInit), (16 bytes).
    Removing stm32f10x_sdio.o(i.SDIO_WriteData), (12 bytes).
    Removing stm32f10x_spi.o(i.I2S_Cmd), (24 bytes).
    Removing stm32f10x_spi.o(i.I2S_Init), (232 bytes).
    Removing stm32f10x_spi.o(i.I2S_StructInit), (20 bytes).
    Removing stm32f10x_spi.o(i.SPI_BiDirectionalLineConfig), (28 bytes).
    Removing stm32f10x_spi.o(i.SPI_CalculateCRC), (24 bytes).
    Removing stm32f10x_spi.o(i.SPI_Cmd), (24 bytes).
    Removing stm32f10x_spi.o(i.SPI_DataSizeConfig), (18 bytes).
    Removing stm32f10x_spi.o(i.SPI_GetCRC), (16 bytes).
    Removing stm32f10x_spi.o(i.SPI_GetCRCPolynomial), (6 bytes).
    Removing stm32f10x_spi.o(i.SPI_I2S_ClearFlag), (6 bytes).
    Removing stm32f10x_spi.o(i.SPI_I2S_ClearITPendingBit), (20 bytes).
    Removing stm32f10x_spi.o(i.SPI_I2S_DMACmd), (18 bytes).
    Removing stm32f10x_spi.o(i.SPI_I2S_DeInit), (88 bytes).
    Removing stm32f10x_spi.o(i.SPI_I2S_GetFlagStatus), (18 bytes).
    Removing stm32f10x_spi.o(i.SPI_I2S_GetITStatus), (52 bytes).
    Removing stm32f10x_spi.o(i.SPI_I2S_ITConfig), (32 bytes).
    Removing stm32f10x_spi.o(i.SPI_I2S_ReceiveData), (6 bytes).
    Removing stm32f10x_spi.o(i.SPI_I2S_SendData), (4 bytes).
    Removing stm32f10x_spi.o(i.SPI_Init), (60 bytes).
    Removing stm32f10x_spi.o(i.SPI_NSSInternalSoftwareConfig), (30 bytes).
    Removing stm32f10x_spi.o(i.SPI_SSOutputCmd), (24 bytes).
    Removing stm32f10x_spi.o(i.SPI_StructInit), (24 bytes).
    Removing stm32f10x_spi.o(i.SPI_TransmitCRC), (10 bytes).
    Removing stm32f10x_tim.o(i.TI1_Config), (128 bytes).
    Removing stm32f10x_tim.o(i.TI2_Config), (152 bytes).
    Removing stm32f10x_tim.o(i.TI3_Config), (144 bytes).
    Removing stm32f10x_tim.o(i.TI4_Config), (152 bytes).
    Removing stm32f10x_tim.o(i.TIM_BDTRConfig), (32 bytes).
    Removing stm32f10x_tim.o(i.TIM_BDTRStructInit), (18 bytes).
    Removing stm32f10x_tim.o(i.TIM_CCPreloadControl), (24 bytes).
    Removing stm32f10x_tim.o(i.TIM_CCxCmd), (30 bytes).
    Removing stm32f10x_tim.o(i.TIM_CCxNCmd), (30 bytes).
    Removing stm32f10x_tim.o(i.TIM_ClearFlag), (6 bytes).
    Removing stm32f10x_tim.o(i.TIM_ClearOC1Ref), (18 bytes).
    Removing stm32f10x_tim.o(i.TIM_ClearOC2Ref), (24 bytes).
    Removing stm32f10x_tim.o(i.TIM_ClearOC3Ref), (18 bytes).
    Removing stm32f10x_tim.o(i.TIM_ClearOC4Ref), (24 bytes).
    Removing stm32f10x_tim.o(i.TIM_CounterModeConfig), (18 bytes).
    Removing stm32f10x_tim.o(i.TIM_CtrlPWMOutputs), (30 bytes).
    Removing stm32f10x_tim.o(i.TIM_DMAConfig), (10 bytes).
    Removing stm32f10x_tim.o(i.TIM_DeInit), (488 bytes).
    Removing stm32f10x_tim.o(i.TIM_ETRClockMode1Config), (54 bytes).
    Removing stm32f10x_tim.o(i.TIM_ETRClockMode2Config), (32 bytes).
    Removing stm32f10x_tim.o(i.TIM_ETRConfig), (28 bytes).
    Removing stm32f10x_tim.o(i.TIM_EncoderInterfaceConfig), (66 bytes).
    Removing stm32f10x_tim.o(i.TIM_ForcedOC1Config), (18 bytes).
    Removing stm32f10x_tim.o(i.TIM_ForcedOC2Config), (26 bytes).
    Removing stm32f10x_tim.o(i.TIM_ForcedOC3Config), (18 bytes).
    Removing stm32f10x_tim.o(i.TIM_ForcedOC4Config), (26 bytes).
    Removing stm32f10x_tim.o(i.TIM_GenerateEvent), (4 bytes).
    Removing stm32f10x_tim.o(i.TIM_GetCapture1), (6 bytes).
    Removing stm32f10x_tim.o(i.TIM_GetCapture2), (6 bytes).
    Removing stm32f10x_tim.o(i.TIM_GetCapture3), (6 bytes).
    Removing stm32f10x_tim.o(i.TIM_GetCapture4), (8 bytes).
    Removing stm32f10x_tim.o(i.TIM_GetCounter), (6 bytes).
    Removing stm32f10x_tim.o(i.TIM_GetFlagStatus), (18 bytes).
    Removing stm32f10x_tim.o(i.TIM_GetPrescaler), (6 bytes).
    Removing stm32f10x_tim.o(i.TIM_ICInit), (172 bytes).
    Removing stm32f10x_tim.o(i.TIM_ICStructInit), (18 bytes).
    Removing stm32f10x_tim.o(i.TIM_ITRxExternalClockConfig), (24 bytes).
    Removing stm32f10x_tim.o(i.TIM_InternalClockConfig), (12 bytes).
    Removing stm32f10x_tim.o(i.TIM_OC1FastConfig), (18 bytes).
    Removing stm32f10x_tim.o(i.TIM_OC1NPolarityConfig), (18 bytes).
    Removing stm32f10x_tim.o(i.TIM_OC1PolarityConfig), (18 bytes).
    Removing stm32f10x_tim.o(i.TIM_OC2FastConfig), (26 bytes).
    Removing stm32f10x_tim.o(i.TIM_OC2Init), (164 bytes).
    Removing stm32f10x_tim.o(i.TIM_OC2NPolarityConfig), (26 bytes).
    Removing stm32f10x_tim.o(i.TIM_OC2PolarityConfig), (26 bytes).
    Removing stm32f10x_tim.o(i.TIM_OC2PreloadConfig), (26 bytes).
    Removing stm32f10x_tim.o(i.TIM_OC3FastConfig), (18 bytes).
    Removing stm32f10x_tim.o(i.TIM_OC3Init), (160 bytes).
    Removing stm32f10x_tim.o(i.TIM_OC3NPolarityConfig), (26 bytes).
    Removing stm32f10x_tim.o(i.TIM_OC3PolarityConfig), (26 bytes).
    Removing stm32f10x_tim.o(i.TIM_OC3PreloadConfig), (18 bytes).
    Removing stm32f10x_tim.o(i.TIM_OC4FastConfig), (26 bytes).
    Removing stm32f10x_tim.o(i.TIM_OC4Init), (124 bytes).
    Removing stm32f10x_tim.o(i.TIM_OC4PolarityConfig), (26 bytes).
    Removing stm32f10x_tim.o(i.TIM_OC4PreloadConfig), (26 bytes).
    Removing stm32f10x_tim.o(i.TIM_OCStructInit), (20 bytes).
    Removing stm32f10x_tim.o(i.TIM_PWMIConfig), (124 bytes).
    Removing stm32f10x_tim.o(i.TIM_PrescalerConfig), (6 bytes).
    Removing stm32f10x_tim.o(i.TIM_SelectCCDMA), (24 bytes).
    Removing stm32f10x_tim.o(i.TIM_SelectCOM), (24 bytes).
    Removing stm32f10x_tim.o(i.TIM_SelectHallSensor), (24 bytes).
    Removing stm32f10x_tim.o(i.TIM_SelectInputTrigger), (18 bytes).
    Removing stm32f10x_tim.o(i.TIM_SelectMasterSlaveMode), (18 bytes).
    Removing stm32f10x_tim.o(i.TIM_SelectOCxM), (82 bytes).
    Removing stm32f10x_tim.o(i.TIM_SelectOnePulseMode), (18 bytes).
    Removing stm32f10x_tim.o(i.TIM_SelectOutputTrigger), (18 bytes).
    Removing stm32f10x_tim.o(i.TIM_SelectSlaveMode), (18 bytes).
    Removing stm32f10x_tim.o(i.TIM_SetAutoreload), (4 bytes).
    Removing stm32f10x_tim.o(i.TIM_SetClockDivision), (18 bytes).
    Removing stm32f10x_tim.o(i.TIM_SetCompare1), (4 bytes).
    Removing stm32f10x_tim.o(i.TIM_SetCompare2), (4 bytes).
    Removing stm32f10x_tim.o(i.TIM_SetCompare3), (4 bytes).
    Removing stm32f10x_tim.o(i.TIM_SetCompare4), (6 bytes).
    Removing stm32f10x_tim.o(i.TIM_SetCounter), (4 bytes).
    Removing stm32f10x_tim.o(i.TIM_SetIC1Prescaler), (18 bytes).
    Removing stm32f10x_tim.o(i.TIM_SetIC2Prescaler), (26 bytes).
    Removing stm32f10x_tim.o(i.TIM_SetIC3Prescaler), (18 bytes).
    Removing stm32f10x_tim.o(i.TIM_SetIC4Prescaler), (26 bytes).
    Removing stm32f10x_tim.o(i.TIM_TIxExternalClockConfig), (62 bytes).
    Removing stm32f10x_tim.o(i.TIM_TimeBaseStructInit), (18 bytes).
    Removing stm32f10x_tim.o(i.TIM_UpdateDisableConfig), (24 bytes).
    Removing stm32f10x_tim.o(i.TIM_UpdateRequestConfig), (24 bytes).
    Removing stm32f10x_usart.o(i.USART_ClearFlag), (18 bytes).
    Removing stm32f10x_usart.o(i.USART_ClearITPendingBit), (30 bytes).
    Removing stm32f10x_usart.o(i.USART_ClockInit), (34 bytes).
    Removing stm32f10x_usart.o(i.USART_ClockStructInit), (12 bytes).
    Removing stm32f10x_usart.o(i.USART_DMACmd), (18 bytes).
    Removing stm32f10x_usart.o(i.USART_GetFlagStatus), (26 bytes).
    Removing stm32f10x_usart.o(i.USART_HalfDuplexCmd), (24 bytes).
    Removing stm32f10x_usart.o(i.USART_IrDACmd), (24 bytes).
    Removing stm32f10x_usart.o(i.USART_IrDAConfig), (18 bytes).
    Removing stm32f10x_usart.o(i.USART_LINBreakDetectLengthConfig), (18 bytes).
    Removing stm32f10x_usart.o(i.USART_LINCmd), (24 bytes).
    Removing stm32f10x_usart.o(i.USART_OneBitMethodCmd), (24 bytes).
    Removing stm32f10x_usart.o(i.USART_OverSampling8Cmd), (22 bytes).
    Removing stm32f10x_usart.o(i.USART_ReceiverWakeUpCmd), (24 bytes).
    Removing stm32f10x_usart.o(i.USART_SendBreak), (10 bytes).
    Removing stm32f10x_usart.o(i.USART_SendData), (8 bytes).
    Removing stm32f10x_usart.o(i.USART_SetAddress), (18 bytes).
    Removing stm32f10x_usart.o(i.USART_SetGuardTime), (16 bytes).
    Removing stm32f10x_usart.o(i.USART_SetPrescaler), (16 bytes).
    Removing stm32f10x_usart.o(i.USART_SmartCardCmd), (24 bytes).
    Removing stm32f10x_usart.o(i.USART_SmartCardNACKCmd), (24 bytes).
    Removing stm32f10x_usart.o(i.USART_StructInit), (24 bytes).
    Removing stm32f10x_usart.o(i.USART_WakeUpConfig), (18 bytes).
    Removing stm32f10x_wwdg.o(i.WWDG_ClearFlag), (12 bytes).
    Removing stm32f10x_wwdg.o(i.WWDG_DeInit), (22 bytes).
    Removing stm32f10x_wwdg.o(i.WWDG_Enable), (16 bytes).
    Removing stm32f10x_wwdg.o(i.WWDG_EnableIT), (12 bytes).
    Removing stm32f10x_wwdg.o(i.WWDG_GetFlagStatus), (12 bytes).
    Removing stm32f10x_wwdg.o(i.WWDG_SetCounter), (16 bytes).
    Removing stm32f10x_wwdg.o(i.WWDG_SetPrescaler), (24 bytes).
    Removing stm32f10x_wwdg.o(i.WWDG_SetWindowValue), (40 bytes).
    Removing core_cm3.o(.emb_text), (32 bytes).

447 unused section(s) (total 19778 bytes) removed from the image.

==============================================================================

Image Symbol Table

    Local Symbols

    Symbol Name                              Value     Ov Type        Size  Object(Section)

    ../clib/angel/boardlib.s                 0x00000000   Number         0  boardshut.o ABSOLUTE
    ../clib/angel/boardlib.s                 0x00000000   Number         0  boardinit3.o ABSOLUTE
    ../clib/angel/boardlib.s                 0x00000000   Number         0  boardinit2.o ABSOLUTE
    ../clib/angel/boardlib.s                 0x00000000   Number         0  boardinit1.o ABSOLUTE
    ../clib/angel/handlers.s                 0x00000000   Number         0  __scatter_copy.o ABSOLUTE
    ../clib/angel/handlers.s                 0x00000000   Number         0  __scatter_zi.o ABSOLUTE
    ../clib/angel/kernel.s                   0x00000000   Number         0  rtexit.o ABSOLUTE
    ../clib/angel/kernel.s                   0x00000000   Number         0  rtexit2.o ABSOLUTE
    ../clib/angel/kernel.s                   0x00000000   Number         0  __rtentry2.o ABSOLUTE
    ../clib/angel/kernel.s                   0x00000000   Number         0  __rtentry4.o ABSOLUTE
    ../clib/angel/kernel.s                   0x00000000   Number         0  __rtentry.o ABSOLUTE
    ../clib/angel/rt.s                       0x00000000   Number         0  rt_raise.o ABSOLUTE
    ../clib/angel/scatter.s                  0x00000000   Number         0  __scatter.o ABSOLUTE
    ../clib/angel/startup.s                  0x00000000   Number         0  __main.o ABSOLUTE
    ../clib/angel/sys.s                      0x00000000   Number         0  use_no_semi.o ABSOLUTE
    ../clib/angel/sys.s                      0x00000000   Number         0  libspace.o ABSOLUTE
    ../clib/angel/sys.s                      0x00000000   Number         0  sys_stackheap_outer.o ABSOLUTE
    ../clib/angel/sys.s                      0x00000000   Number         0  indicate_semi.o ABSOLUTE
    ../clib/angel/sys.s                      0x00000000   Number         0  use_no_semi_2.o ABSOLUTE
    ../clib/angel/sysapp.c                   0x00000000   Number         0  sys_command.o ABSOLUTE
    ../clib/angel/sysapp.c                   0x00000000   Number         0  sys_wrch.o ABSOLUTE
    ../clib/armsys.c                         0x00000000   Number         0  no_argv.o ABSOLUTE
    ../clib/armsys.c                         0x00000000   Number         0  argv_veneer.o ABSOLUTE
    ../clib/armsys.c                         0x00000000   Number         0  _get_argv_nomalloc.o ABSOLUTE
    ../clib/armsys.c                         0x00000000   Number         0  argv_veneer.o ABSOLUTE
    ../clib/heapalloc.c                      0x00000000   Number         0  hrguard.o ABSOLUTE
    ../clib/heapaux.c                        0x00000000   Number         0  heapauxi.o ABSOLUTE
    ../clib/libinit.s                        0x00000000   Number         0  libinit2.o ABSOLUTE
    ../clib/libinit.s                        0x00000000   Number         0  libshutdown.o ABSOLUTE
    ../clib/libinit.s                        0x00000000   Number         0  libinit.o ABSOLUTE
    ../clib/libinit.s                        0x00000000   Number         0  libshutdown2.o ABSOLUTE
    ../clib/printf.c                         0x00000000   Number         0  _sputc.o ABSOLUTE
    ../clib/printf.c                         0x00000000   Number         0  _printf_char_common.o ABSOLUTE
    ../clib/printf.c                         0x00000000   Number         0  _printf_intcommon.o ABSOLUTE
    ../clib/printf.c                         0x00000000   Number         0  __printf_ss_wp.o ABSOLUTE
    ../clib/printf.c                         0x00000000   Number         0  __printf_flags_wp.o ABSOLUTE
    ../clib/printf.c                         0x00000000   Number         0  __printf_wp.o ABSOLUTE
    ../clib/printf.c                         0x00000000   Number         0  __printf_flags_ss.o ABSOLUTE
    ../clib/printf.c                         0x00000000   Number         0  __printf_flags_ss_wp.o ABSOLUTE
    ../clib/printf.c                         0x00000000   Number         0  __printf_ss.o ABSOLUTE
    ../clib/printf.c                         0x00000000   Number         0  __printf_flags.o ABSOLUTE
    ../clib/printf.c                         0x00000000   Number         0  _printf_dec.o ABSOLUTE
    ../clib/printf.c                         0x00000000   Number         0  __printf.o ABSOLUTE
    ../clib/printf.c                         0x00000000   Number         0  __printf_nopercent.o ABSOLUTE
    ../clib/printf.c                         0x00000000   Number         0  noretval__2sprintf.o ABSOLUTE
    ../clib/printf.c                         0x00000000   Number         0  __2sprintf.o ABSOLUTE
    ../clib/printf_percent.s                 0x00000000   Number         0  _printf_percent.o ABSOLUTE
    ../clib/printf_percent.s                 0x00000000   Number         0  _printf_d.o ABSOLUTE
    ../clib/printf_percent.s                 0x00000000   Number         0  _printf_percent_end.o ABSOLUTE
    ../clib/signal.c                         0x00000000   Number         0  defsig_exit.o ABSOLUTE
    ../clib/signal.c                         0x00000000   Number         0  defsig_other.o ABSOLUTE
    ../clib/signal.c                         0x00000000   Number         0  defsig_segv_inner.o ABSOLUTE
    ../clib/signal.c                         0x00000000   Number         0  defsig_cppl_inner.o ABSOLUTE
    ../clib/signal.c                         0x00000000   Number         0  defsig_pvfn_inner.o ABSOLUTE
    ../clib/signal.c                         0x00000000   Number         0  defsig_stak_inner.o ABSOLUTE
    ../clib/signal.c                         0x00000000   Number         0  defsig_rtred_inner.o ABSOLUTE
    ../clib/signal.c                         0x00000000   Number         0  defsig_fpe_inner.o ABSOLUTE
    ../clib/signal.c                         0x00000000   Number         0  defsig_abrt_inner.o ABSOLUTE
    ../clib/signal.c                         0x00000000   Number         0  defsig_general.o ABSOLUTE
    ../clib/signal.c                         0x00000000   Number         0  __raise.o ABSOLUTE
    ../clib/signal.c                         0x00000000   Number         0  defsig_rtmem_inner.o ABSOLUTE
    ../clib/signal.c                         0x00000000   Number         0  defsig_rtmem_formal.o ABSOLUTE
    ../clib/signal.c                         0x00000000   Number         0  defsig_rtmem_outer.o ABSOLUTE
    ../clib/signal.s                         0x00000000   Number         0  defsig.o ABSOLUTE
    ../clib/stdlib.c                         0x00000000   Number         0  exit.o ABSOLUTE
    ../fplib/fpinit.s                        0x00000000   Number         0  fpinit.o ABSOLUTE
    ..\CORE\core_cm3.c                       0x00000000   Number         0  core_cm3.o ABSOLUTE
    ..\CORE\startup_stm32f10x_ld.s           0x00000000   Number         0  startup_stm32f10x_ld.o ABSOLUTE
    ..\HARDWARE\RTC\rtc.c                    0x00000000   Number         0  rtc.o ABSOLUTE
    ..\HARDWARE\lanya\usart.c                0x00000000   Number         0  usart.o ABSOLUTE
    ..\HARDWARE\oled\OLED_I2C.c              0x00000000   Number         0  oled_i2c.o ABSOLUTE
    ..\HARDWARE\pwm\pwm.c                    0x00000000   Number         0  pwm.o ABSOLUTE
    ..\HARDWARE\step\step.c                  0x00000000   Number         0  step.o ABSOLUTE
    ..\HARDWARE\timer\timer.c                0x00000000   Number         0  timer.o ABSOLUTE
    ..\HARDWARE\ws281x\ws281x.c              0x00000000   Number         0  ws281x.o ABSOLUTE
    ..\STM32F10x_FWLib\src\misc.c            0x00000000   Number         0  misc.o ABSOLUTE
    ..\STM32F10x_FWLib\src\stm32f10x_adc.c   0x00000000   Number         0  stm32f10x_adc.o ABSOLUTE
    ..\STM32F10x_FWLib\src\stm32f10x_bkp.c   0x00000000   Number         0  stm32f10x_bkp.o ABSOLUTE
    ..\STM32F10x_FWLib\src\stm32f10x_can.c   0x00000000   Number         0  stm32f10x_can.o ABSOLUTE
    ..\STM32F10x_FWLib\src\stm32f10x_cec.c   0x00000000   Number         0  stm32f10x_cec.o ABSOLUTE
    ..\STM32F10x_FWLib\src\stm32f10x_crc.c   0x00000000   Number         0  stm32f10x_crc.o ABSOLUTE
    ..\STM32F10x_FWLib\src\stm32f10x_dac.c   0x00000000   Number         0  stm32f10x_dac.o ABSOLUTE
    ..\STM32F10x_FWLib\src\stm32f10x_dbgmcu.c 0x00000000   Number         0  stm32f10x_dbgmcu.o ABSOLUTE
    ..\STM32F10x_FWLib\src\stm32f10x_dma.c   0x00000000   Number         0  stm32f10x_dma.o ABSOLUTE
    ..\STM32F10x_FWLib\src\stm32f10x_exti.c  0x00000000   Number         0  stm32f10x_exti.o ABSOLUTE
    ..\STM32F10x_FWLib\src\stm32f10x_flash.c 0x00000000   Number         0  stm32f10x_flash.o ABSOLUTE
    ..\STM32F10x_FWLib\src\stm32f10x_fsmc.c  0x00000000   Number         0  stm32f10x_fsmc.o ABSOLUTE
    ..\STM32F10x_FWLib\src\stm32f10x_gpio.c  0x00000000   Number         0  stm32f10x_gpio.o ABSOLUTE
    ..\STM32F10x_FWLib\src\stm32f10x_i2c.c   0x00000000   Number         0  stm32f10x_i2c.o ABSOLUTE
    ..\STM32F10x_FWLib\src\stm32f10x_iwdg.c  0x00000000   Number         0  stm32f10x_iwdg.o ABSOLUTE
    ..\STM32F10x_FWLib\src\stm32f10x_pwr.c   0x00000000   Number         0  stm32f10x_pwr.o ABSOLUTE
    ..\STM32F10x_FWLib\src\stm32f10x_rcc.c   0x00000000   Number         0  stm32f10x_rcc.o ABSOLUTE
    ..\STM32F10x_FWLib\src\stm32f10x_rtc.c   0x00000000   Number         0  stm32f10x_rtc.o ABSOLUTE
    ..\STM32F10x_FWLib\src\stm32f10x_sdio.c  0x00000000   Number         0  stm32f10x_sdio.o ABSOLUTE
    ..\STM32F10x_FWLib\src\stm32f10x_spi.c   0x00000000   Number         0  stm32f10x_spi.o ABSOLUTE
    ..\STM32F10x_FWLib\src\stm32f10x_tim.c   0x00000000   Number         0  stm32f10x_tim.o ABSOLUTE
    ..\STM32F10x_FWLib\src\stm32f10x_usart.c 0x00000000   Number         0  stm32f10x_usart.o ABSOLUTE
    ..\STM32F10x_FWLib\src\stm32f10x_wwdg.c  0x00000000   Number         0  stm32f10x_wwdg.o ABSOLUTE
    ..\SYSTEM\delay\delay.c                  0x00000000   Number         0  delay.o ABSOLUTE
    ..\SYSTEM\sys\sys.c                      0x00000000   Number         0  sys.o ABSOLUTE
    ..\USER\main.c                           0x00000000   Number         0  main.o ABSOLUTE
    ..\USER\stm32f10x_it.c                   0x00000000   Number         0  stm32f10x_it.o ABSOLUTE
    ..\USER\system_stm32f10x.c               0x00000000   Number         0  system_stm32f10x.o ABSOLUTE
    ..\\CORE\\core_cm3.c                     0x00000000   Number         0  core_cm3.o ABSOLUTE
    ..\\SYSTEM\\sys\\sys.c                   0x00000000   Number         0  sys.o ABSOLUTE
    dc.s                                     0x00000000   Number         0  dc.o ABSOLUTE
    RESET                                    0x08000000   Section      236  startup_stm32f10x_ld.o(RESET)
    !!!main                                  0x080000ec   Section        8  __main.o(!!!main)
    !!!scatter                               0x080000f4   Section       52  __scatter.o(!!!scatter)
    !!handler_copy                           0x08000128   Section       26  __scatter_copy.o(!!handler_copy)
    !!handler_zi                             0x08000144   Section       28  __scatter_zi.o(!!handler_zi)
    .ARM.Collect$$_printf_percent$$00000000  0x08000160   Section        0  _printf_percent.o(.ARM.Collect$$_printf_percent$$00000000)
    .ARM.Collect$$_printf_percent$$00000009  0x08000160   Section        6  _printf_d.o(.ARM.Collect$$_printf_percent$$00000009)
    .ARM.Collect$$_printf_percent$$00000017  0x08000166   Section        4  _printf_percent_end.o(.ARM.Collect$$_printf_percent$$00000017)
    .ARM.Collect$$libinit$$00000000          0x0800016a   Section        2  libinit.o(.ARM.Collect$$libinit$$00000000)
    .ARM.Collect$$libinit$$00000002          0x0800016c   Section        0  libinit2.o(.ARM.Collect$$libinit$$00000002)
    .ARM.Collect$$libinit$$00000004          0x0800016c   Section        0  libinit2.o(.ARM.Collect$$libinit$$00000004)
    .ARM.Collect$$libinit$$0000000A          0x0800016c   Section        0  libinit2.o(.ARM.Collect$$libinit$$0000000A)
    .ARM.Collect$$libinit$$0000000C          0x0800016c   Section        0  libinit2.o(.ARM.Collect$$libinit$$0000000C)
    .ARM.Collect$$libinit$$0000000E          0x0800016c   Section        0  libinit2.o(.ARM.Collect$$libinit$$0000000E)
    .ARM.Collect$$libinit$$00000011          0x0800016c   Section        0  libinit2.o(.ARM.Collect$$libinit$$00000011)
    .ARM.Collect$$libinit$$00000013          0x0800016c   Section        0  libinit2.o(.ARM.Collect$$libinit$$00000013)
    .ARM.Collect$$libinit$$00000015          0x0800016c   Section        0  libinit2.o(.ARM.Collect$$libinit$$00000015)
    .ARM.Collect$$libinit$$00000017          0x0800016c   Section        0  libinit2.o(.ARM.Collect$$libinit$$00000017)
    .ARM.Collect$$libinit$$00000019          0x0800016c   Section        0  libinit2.o(.ARM.Collect$$libinit$$00000019)
    .ARM.Collect$$libinit$$0000001B          0x0800016c   Section        0  libinit2.o(.ARM.Collect$$libinit$$0000001B)
    .ARM.Collect$$libinit$$0000001D          0x0800016c   Section        0  libinit2.o(.ARM.Collect$$libinit$$0000001D)
    .ARM.Collect$$libinit$$0000001F          0x0800016c   Section        0  libinit2.o(.ARM.Collect$$libinit$$0000001F)
    .ARM.Collect$$libinit$$00000021          0x0800016c   Section        0  libinit2.o(.ARM.Collect$$libinit$$00000021)
    .ARM.Collect$$libinit$$00000023          0x0800016c   Section        0  libinit2.o(.ARM.Collect$$libinit$$00000023)
    .ARM.Collect$$libinit$$00000025          0x0800016c   Section        0  libinit2.o(.ARM.Collect$$libinit$$00000025)
    .ARM.Collect$$libinit$$0000002C          0x0800016c   Section        0  libinit2.o(.ARM.Collect$$libinit$$0000002C)
    .ARM.Collect$$libinit$$0000002E          0x0800016c   Section        0  libinit2.o(.ARM.Collect$$libinit$$0000002E)
    .ARM.Collect$$libinit$$00000030          0x0800016c   Section        0  libinit2.o(.ARM.Collect$$libinit$$00000030)
    .ARM.Collect$$libinit$$00000032          0x0800016c   Section        0  libinit2.o(.ARM.Collect$$libinit$$00000032)
    .ARM.Collect$$libinit$$00000033          0x0800016c   Section        2  libinit2.o(.ARM.Collect$$libinit$$00000033)
    .ARM.Collect$$libshutdown$$00000000      0x0800016e   Section        2  libshutdown.o(.ARM.Collect$$libshutdown$$00000000)
    .ARM.Collect$$libshutdown$$00000003      0x08000170   Section        0  libshutdown2.o(.ARM.Collect$$libshutdown$$00000003)
    .ARM.Collect$$libshutdown$$00000006      0x08000170   Section        0  libshutdown2.o(.ARM.Collect$$libshutdown$$00000006)
    .ARM.Collect$$libshutdown$$00000009      0x08000170   Section        0  libshutdown2.o(.ARM.Collect$$libshutdown$$00000009)
    .ARM.Collect$$libshutdown$$0000000B      0x08000170   Section        0  libshutdown2.o(.ARM.Collect$$libshutdown$$0000000B)
    .ARM.Collect$$libshutdown$$0000000E      0x08000170   Section        0  libshutdown2.o(.ARM.Collect$$libshutdown$$0000000E)
    .ARM.Collect$$libshutdown$$0000000F      0x08000170   Section        2  libshutdown2.o(.ARM.Collect$$libshutdown$$0000000F)
    .ARM.Collect$$rtentry$$00000000          0x08000172   Section        0  __rtentry.o(.ARM.Collect$$rtentry$$00000000)
    .ARM.Collect$$rtentry$$00000002          0x08000172   Section        0  __rtentry2.o(.ARM.Collect$$rtentry$$00000002)
    .ARM.Collect$$rtentry$$00000004          0x08000172   Section        6  __rtentry4.o(.ARM.Collect$$rtentry$$00000004)
    .ARM.Collect$$rtentry$$00000009          0x08000178   Section        0  __rtentry2.o(.ARM.Collect$$rtentry$$00000009)
    .ARM.Collect$$rtentry$$0000000A          0x08000178   Section        4  __rtentry2.o(.ARM.Collect$$rtentry$$0000000A)
    .ARM.Collect$$rtentry$$0000000C          0x0800017c   Section        0  __rtentry2.o(.ARM.Collect$$rtentry$$0000000C)
    .ARM.Collect$$rtentry$$0000000D          0x0800017c   Section        8  __rtentry2.o(.ARM.Collect$$rtentry$$0000000D)
    .ARM.Collect$$rtexit$$00000000           0x08000184   Section        2  rtexit.o(.ARM.Collect$$rtexit$$00000000)
    .ARM.Collect$$rtexit$$00000002           0x08000186   Section        0  rtexit2.o(.ARM.Collect$$rtexit$$00000002)
    .ARM.Collect$$rtexit$$00000003           0x08000186   Section        4  rtexit2.o(.ARM.Collect$$rtexit$$00000003)
    .ARM.Collect$$rtexit$$00000004           0x0800018a   Section        6  rtexit2.o(.ARM.Collect$$rtexit$$00000004)
    .text                                    0x08000190   Section       64  startup_stm32f10x_ld.o(.text)
    .text                                    0x080001d0   Section        2  use_no_semi_2.o(.text)
    .text                                    0x080001d4   Section        0  noretval__2sprintf.o(.text)
    .text                                    0x080001fc   Section        0  __printf.o(.text)
    .text                                    0x08000264   Section        0  _printf_dec.o(.text)
    .text                                    0x080002dc   Section        0  heapauxi.o(.text)
    .text                                    0x080002e2   Section        2  use_no_semi.o(.text)
    .text                                    0x080002e4   Section        0  _printf_intcommon.o(.text)
    .text                                    0x08000398   Section        0  _printf_char_common.o(.text)
    _printf_input_char                       0x08000399   Thumb Code    10  _printf_char_common.o(.text)
    .text                                    0x080003c8   Section        0  _sputc.o(.text)
    .text                                    0x080003d2   Section       74  sys_stackheap_outer.o(.text)
    .text                                    0x0800041c   Section        0  exit.o(.text)
    .text                                    0x08000428   Section        8  libspace.o(.text)
    i.BKP_DeInit                             0x08000430   Section        0  stm32f10x_bkp.o(i.BKP_DeInit)
    i.BKP_ReadBackupRegister                 0x08000440   Section        0  stm32f10x_bkp.o(i.BKP_ReadBackupRegister)
    i.BKP_WriteBackupRegister                0x0800045c   Section        0  stm32f10x_bkp.o(i.BKP_WriteBackupRegister)
    i.BusFault_Handler                       0x08000478   Section        0  stm32f10x_it.o(i.BusFault_Handler)
    i.DMA_ClearFlag                          0x0800047c   Section        0  stm32f10x_dma.o(i.DMA_ClearFlag)
    i.DMA_Cmd                                0x08000498   Section        0  stm32f10x_dma.o(i.DMA_Cmd)
    i.DMA_DeInit                             0x080004b0   Section        0  stm32f10x_dma.o(i.DMA_DeInit)
    i.DMA_GetFlagStatus                      0x080005fc   Section        0  stm32f10x_dma.o(i.DMA_GetFlagStatus)
    i.DMA_Init                               0x08000628   Section        0  stm32f10x_dma.o(i.DMA_Init)
    i.DMA_SetCurrDataCounter                 0x08000664   Section        0  stm32f10x_dma.o(i.DMA_SetCurrDataCounter)
    i.DebugMon_Handler                       0x08000668   Section        0  stm32f10x_it.o(i.DebugMon_Handler)
    i.GPIO_Init                              0x0800066a   Section        0  stm32f10x_gpio.o(i.GPIO_Init)
    i.GPIO_ReadInputDataBit                  0x08000780   Section        0  stm32f10x_gpio.o(i.GPIO_ReadInputDataBit)
    i.HardFault_Handler                      0x08000792   Section        0  stm32f10x_it.o(i.HardFault_Handler)
    i.I2C_CheckEvent                         0x08000796   Section        0  stm32f10x_i2c.o(i.I2C_CheckEvent)
    i.I2C_Cmd                                0x080007c0   Section        0  stm32f10x_i2c.o(i.I2C_Cmd)
    i.I2C_Configuration                      0x080007d8   Section        0  oled_i2c.o(i.I2C_Configuration)
    i.I2C_GenerateSTART                      0x0800085c   Section        0  stm32f10x_i2c.o(i.I2C_GenerateSTART)
    i.I2C_GenerateSTOP                       0x08000874   Section        0  stm32f10x_i2c.o(i.I2C_GenerateSTOP)
    i.I2C_GetFlagStatus                      0x0800088c   Section        0  stm32f10x_i2c.o(i.I2C_GetFlagStatus)
    i.I2C_Init                               0x080008c8   Section        0  stm32f10x_i2c.o(i.I2C_Init)
    i.I2C_Send7bitAddress                    0x080009b4   Section        0  stm32f10x_i2c.o(i.I2C_Send7bitAddress)
    i.I2C_SendData                           0x080009c6   Section        0  stm32f10x_i2c.o(i.I2C_SendData)
    i.I2C_WriteByte                          0x080009cc   Section        0  oled_i2c.o(i.I2C_WriteByte)
    i.Is_Leap_Year                           0x08000a58   Section        0  rtc.o(i.Is_Leap_Year)
    i.MemManage_Handler                      0x08000a92   Section        0  stm32f10x_it.o(i.MemManage_Handler)
    i.NMI_Handler                            0x08000a96   Section        0  stm32f10x_it.o(i.NMI_Handler)
    i.NVIC_Init                              0x08000a98   Section        0  misc.o(i.NVIC_Init)
    i.OLED_CLS                               0x08000b08   Section        0  oled_i2c.o(i.OLED_CLS)
    i.OLED_Fill                              0x08000b12   Section        0  oled_i2c.o(i.OLED_Fill)
    i.OLED_Init                              0x08000b4c   Section        0  oled_i2c.o(i.OLED_Init)
    i.OLED_SetPos                            0x08000c00   Section        0  oled_i2c.o(i.OLED_SetPos)
    i.OLED_ShowStr                           0x08000c28   Section        0  oled_i2c.o(i.OLED_ShowStr)
    i.PWM_Init                               0x08000d14   Section        0  pwm.o(i.PWM_Init)
    i.PWR_BackupAccessCmd                    0x08000e08   Section        0  stm32f10x_pwr.o(i.PWR_BackupAccessCmd)
    i.PendSV_Handler                         0x08000e14   Section        0  stm32f10x_it.o(i.PendSV_Handler)
    i.RCC_AHBPeriphClockCmd                  0x08000e18   Section        0  stm32f10x_rcc.o(i.RCC_AHBPeriphClockCmd)
    i.RCC_APB1PeriphClockCmd                 0x08000e38   Section        0  stm32f10x_rcc.o(i.RCC_APB1PeriphClockCmd)
    i.RCC_APB1PeriphResetCmd                 0x08000e58   Section        0  stm32f10x_rcc.o(i.RCC_APB1PeriphResetCmd)
    i.RCC_APB2PeriphClockCmd                 0x08000e78   Section        0  stm32f10x_rcc.o(i.RCC_APB2PeriphClockCmd)
    i.RCC_APB2PeriphResetCmd                 0x08000e98   Section        0  stm32f10x_rcc.o(i.RCC_APB2PeriphResetCmd)
    i.RCC_BackupResetCmd                     0x08000eb8   Section        0  stm32f10x_rcc.o(i.RCC_BackupResetCmd)
    i.RCC_GetClocksFreq                      0x08000ec4   Section        0  stm32f10x_rcc.o(i.RCC_GetClocksFreq)
    i.RCC_GetFlagStatus                      0x08000f98   Section        0  stm32f10x_rcc.o(i.RCC_GetFlagStatus)
    i.RCC_LSEConfig                          0x08000fd4   Section        0  stm32f10x_rcc.o(i.RCC_LSEConfig)
    i.RCC_RTCCLKCmd                          0x08001008   Section        0  stm32f10x_rcc.o(i.RCC_RTCCLKCmd)
    i.RCC_RTCCLKConfig                       0x08001014   Section        0  stm32f10x_rcc.o(i.RCC_RTCCLKConfig)
    i.RTC_ClearITPendingBit                  0x08001024   Section        0  stm32f10x_rtc.o(i.RTC_ClearITPendingBit)
    i.RTC_EnterConfigMode                    0x08001034   Section        0  stm32f10x_rtc.o(i.RTC_EnterConfigMode)
    i.RTC_ExitConfigMode                     0x08001048   Section        0  stm32f10x_rtc.o(i.RTC_ExitConfigMode)
    i.RTC_Get                                0x0800105c   Section        0  rtc.o(i.RTC_Get)
    i.RTC_GetCounter                         0x0800115c   Section        0  stm32f10x_rtc.o(i.RTC_GetCounter)
    i.RTC_GetITStatus                        0x08001170   Section        0  stm32f10x_rtc.o(i.RTC_GetITStatus)
    i.RTC_Get_Week                           0x08001194   Section        0  rtc.o(i.RTC_Get_Week)
    i.RTC_IRQHandler                         0x0800120c   Section        0  rtc.o(i.RTC_IRQHandler)
    i.RTC_ITConfig                           0x08001238   Section        0  stm32f10x_rtc.o(i.RTC_ITConfig)
    i.RTC_Init                               0x08001258   Section        0  rtc.o(i.RTC_Init)
    i.RTC_NVIC_Config                        0x08001316   Section        0  rtc.o(i.RTC_NVIC_Config)
    RTC_NVIC_Config                          0x08001317   Thumb Code    32  rtc.o(i.RTC_NVIC_Config)
    i.RTC_Set                                0x08001338   Section        0  rtc.o(i.RTC_Set)
    i.RTC_SetCounter                         0x08001400   Section        0  stm32f10x_rtc.o(i.RTC_SetCounter)
    i.RTC_SetPrescaler                       0x0800141c   Section        0  stm32f10x_rtc.o(i.RTC_SetPrescaler)
    i.RTC_WaitForLastTask                    0x0800143c   Section        0  stm32f10x_rtc.o(i.RTC_WaitForLastTask)
    i.RTC_WaitForSynchro                     0x08001450   Section        0  stm32f10x_rtc.o(i.RTC_WaitForSynchro)
    i.SVC_Handler                            0x08001474   Section        0  stm32f10x_it.o(i.SVC_Handler)
    i.SetSysClock                            0x08001476   Section        0  system_stm32f10x.o(i.SetSysClock)
    SetSysClock                              0x08001477   Thumb Code     8  system_stm32f10x.o(i.SetSysClock)
    i.SetSysClockTo72                        0x08001480   Section        0  system_stm32f10x.o(i.SetSysClockTo72)
    SetSysClockTo72                          0x08001481   Thumb Code   214  system_stm32f10x.o(i.SetSysClockTo72)
    i.SysTick_CLKSourceConfig                0x08001560   Section        0  misc.o(i.SysTick_CLKSourceConfig)
    i.SysTick_Handler                        0x08001588   Section        0  stm32f10x_it.o(i.SysTick_Handler)
    i.SystemInit                             0x0800158c   Section        0  system_stm32f10x.o(i.SystemInit)
    i.TIM3_IRQHandler                        0x080015ec   Section        0  timer.o(i.TIM3_IRQHandler)
    i.TIM3_Int_Init                          0x080017dc   Section        0  timer.o(i.TIM3_Int_Init)
    i.TIM_ARRPreloadConfig                   0x08001838   Section        0  stm32f10x_tim.o(i.TIM_ARRPreloadConfig)
    i.TIM_ClearITPendingBit                  0x08001850   Section        0  stm32f10x_tim.o(i.TIM_ClearITPendingBit)
    i.TIM_Cmd                                0x08001856   Section        0  stm32f10x_tim.o(i.TIM_Cmd)
    i.TIM_DMACmd                             0x0800186e   Section        0  stm32f10x_tim.o(i.TIM_DMACmd)
    i.TIM_GetITStatus                        0x08001880   Section        0  stm32f10x_tim.o(i.TIM_GetITStatus)
    i.TIM_ITConfig                           0x080018a2   Section        0  stm32f10x_tim.o(i.TIM_ITConfig)
    i.TIM_OC1Init                            0x080018b4   Section        0  stm32f10x_tim.o(i.TIM_OC1Init)
    i.TIM_OC1PreloadConfig                   0x0800194c   Section        0  stm32f10x_tim.o(i.TIM_OC1PreloadConfig)
    i.TIM_TimeBaseInit                       0x08001960   Section        0  stm32f10x_tim.o(i.TIM_TimeBaseInit)
    i.USART1_IRQHandler                      0x08001a04   Section        0  usart.o(i.USART1_IRQHandler)
    i.USART2_IRQHandler                      0x08001a20   Section        0  main.o(i.USART2_IRQHandler)
    i.USART_Cmd                              0x08001ab8   Section        0  stm32f10x_usart.o(i.USART_Cmd)
    i.USART_DeInit                           0x08001ad0   Section        0  stm32f10x_usart.o(i.USART_DeInit)
    i.USART_GetITStatus                      0x08001b6c   Section        0  stm32f10x_usart.o(i.USART_GetITStatus)
    i.USART_ITConfig                         0x08001bc0   Section        0  stm32f10x_usart.o(i.USART_ITConfig)
    i.USART_Init                             0x08001c0c   Section        0  stm32f10x_usart.o(i.USART_Init)
    i.USART_ReceiveData                      0x08001ce4   Section        0  stm32f10x_usart.o(i.USART_ReceiveData)
    i.UsageFault_Handler                     0x08001cee   Section        0  stm32f10x_it.o(i.UsageFault_Handler)
    i.WriteCmd                               0x08001cf2   Section        0  oled_i2c.o(i.WriteCmd)
    i.WriteDat                               0x08001d00   Section        0  oled_i2c.o(i.WriteDat)
    i._sys_exit                              0x08001d0e   Section        0  usart.o(i._sys_exit)
    i.delay_init                             0x08001d14   Section        0  delay.o(i.delay_init)
    i.delay_ms                               0x08001d50   Section        0  delay.o(i.delay_ms)
    i.key                                    0x08001d8c   Section        0  main.o(i.key)
    i.key_GPIO_Init                          0x08001eb4   Section        0  step.o(i.key_GPIO_Init)
    i.main                                   0x08001ee0   Section        0  main.o(i.main)
    i.uart2_init                             0x08002060   Section        0  usart.o(i.uart2_init)
    i.ws281x_closeAll                        0x0800210c   Section        0  ws281x.o(i.ws281x_closeAll)
    i.ws281x_color                           0x08002140   Section        0  ws281x.o(i.ws281x_color)
    i.ws281x_setPixelColor_ringleds          0x0800214c   Section        0  ws281x.o(i.ws281x_setPixelColor_ringleds)
    i.ws281x_show                            0x080021d8   Section        0  ws281x.o(i.ws281x_show)
    .constdata                               0x08002224   Section     2072  oled_i2c.o(.constdata)
    .constdata                               0x08002a3c   Section       24  rtc.o(.constdata)
    .data                                    0x20000000   Section      236  timer.o(.data)
    .data                                    0x200000ec   Section       12  usart.o(.data)
    .data                                    0x200000f8   Section        2  rtc.o(.data)
    daycnt                                   0x200000f8   Data           2  rtc.o(.data)
    .data                                    0x200000fa   Section        4  main.o(.data)
    .data                                    0x200000fe   Section        4  delay.o(.data)
    fac_us                                   0x200000fe   Data           1  delay.o(.data)
    fac_ms                                   0x20000100   Data           2  delay.o(.data)
    .data                                    0x20000102   Section       20  stm32f10x_rcc.o(.data)
    APBAHBPrescTable                         0x20000102   Data          16  stm32f10x_rcc.o(.data)
    ADCPrescTable                            0x20000112   Data           4  stm32f10x_rcc.o(.data)
    .bss                                     0x20000118   Section     1248  ws281x.o(.bss)
    .bss                                     0x200005f8   Section       10  rtc.o(.bss)
    .bss                                     0x20000602   Section       96  main.o(.bss)
    .bss                                     0x20000664   Section       96  libspace.o(.bss)
    HEAP                                     0x200006c8   Section      512  startup_stm32f10x_ld.o(HEAP)
    Heap_Mem                                 0x200006c8   Data         512  startup_stm32f10x_ld.o(HEAP)
    STACK                                    0x200008c8   Section     1024  startup_stm32f10x_ld.o(STACK)
    Stack_Mem                                0x200008c8   Data        1024  startup_stm32f10x_ld.o(STACK)
    __initial_sp                             0x20000cc8   Data           0  startup_stm32f10x_ld.o(STACK)

    Global Symbols

    Symbol Name                              Value     Ov Type        Size  Object(Section)

    BuildAttributes$$THM_ISAv4$P$D$K$B$S$PE$A:L22UL41UL21$X:L11$S22US41US21$IEEE1$IW$USESV6$~STKCKD$USESV7$~SHL$OSPACE$ROPI$EBA8$UX$STANDARDLIB$REQ8$PRES8$EABIv2 0x00000000   Number         0  anon$$obj.o ABSOLUTE
    __ARM_use_no_argv                        0x00000000   Number         0  main.o ABSOLUTE
    __ARM_exceptions_init                     - Undefined Weak Reference
    __alloca_initialize                       - Undefined Weak Reference
    __arm_preinit_                            - Undefined Weak Reference
    __cpp_initialize__aeabi_                  - Undefined Weak Reference
    __cxa_finalize                            - Undefined Weak Reference
    __rt_locale                               - Undefined Weak Reference
    __sigvec_lookup                           - Undefined Weak Reference
    _atexit_init                              - Undefined Weak Reference
    _call_atexit_fns                          - Undefined Weak Reference
    _clock_init                               - Undefined Weak Reference
    _fp_trap_init                             - Undefined Weak Reference
    _fp_trap_shutdown                         - Undefined Weak Reference
    _get_lc_collate                           - Undefined Weak Reference
    _get_lc_ctype                             - Undefined Weak Reference
    _get_lc_monetary                          - Undefined Weak Reference
    _get_lc_numeric                           - Undefined Weak Reference
    _get_lc_time                              - Undefined Weak Reference
    _getenv_init                              - Undefined Weak Reference
    _handle_redirection                       - Undefined Weak Reference
    _init_alloc                               - Undefined Weak Reference
    _init_user_alloc                          - Undefined Weak Reference
    _initio                                   - Undefined Weak Reference
    _printf_post_padding                      - Undefined Weak Reference
    _printf_pre_padding                       - Undefined Weak Reference
    _printf_truncate_signed                   - Undefined Weak Reference
    _printf_truncate_unsigned                 - Undefined Weak Reference
    _rand_init                                - Undefined Weak Reference
    _signal_finish                            - Undefined Weak Reference
    _signal_init                              - Undefined Weak Reference
    _terminate_alloc                          - Undefined Weak Reference
    _terminate_user_alloc                     - Undefined Weak Reference
    _terminateio                              - Undefined Weak Reference
    __Vectors_Size                           0x000000ec   Number         0  startup_stm32f10x_ld.o ABSOLUTE
    __Vectors                                0x08000000   Data           4  startup_stm32f10x_ld.o(RESET)
    __Vectors_End                            0x080000ec   Data           0  startup_stm32f10x_ld.o(RESET)
    __main                                   0x080000ed   Thumb Code     8  __main.o(!!!main)
    __scatterload                            0x080000f5   Thumb Code     0  __scatter.o(!!!scatter)
    __scatterload_rt2                        0x080000f5   Thumb Code    44  __scatter.o(!!!scatter)
    __scatterload_rt2_thumb_only             0x080000f5   Thumb Code     0  __scatter.o(!!!scatter)
    __scatterload_null                       0x08000103   Thumb Code     0  __scatter.o(!!!scatter)
    __scatterload_copy                       0x08000129   Thumb Code    26  __scatter_copy.o(!!handler_copy)
    __scatterload_zeroinit                   0x08000145   Thumb Code    28  __scatter_zi.o(!!handler_zi)
    _printf_d                                0x08000161   Thumb Code     0  _printf_d.o(.ARM.Collect$$_printf_percent$$00000009)
    _printf_percent                          0x08000161   Thumb Code     0  _printf_percent.o(.ARM.Collect$$_printf_percent$$00000000)
    _printf_percent_end                      0x08000167   Thumb Code     0  _printf_percent_end.o(.ARM.Collect$$_printf_percent$$00000017)
    __rt_lib_init                            0x0800016b   Thumb Code     0  libinit.o(.ARM.Collect$$libinit$$00000000)
    __rt_lib_init_alloca_1                   0x0800016d   Thumb Code     0  libinit2.o(.ARM.Collect$$libinit$$0000002E)
    __rt_lib_init_argv_1                     0x0800016d   Thumb Code     0  libinit2.o(.ARM.Collect$$libinit$$0000002C)
    __rt_lib_init_atexit_1                   0x0800016d   Thumb Code     0  libinit2.o(.ARM.Collect$$libinit$$0000001B)
    __rt_lib_init_clock_1                    0x0800016d   Thumb Code     0  libinit2.o(.ARM.Collect$$libinit$$00000021)
    __rt_lib_init_cpp_1                      0x0800016d   Thumb Code     0  libinit2.o(.ARM.Collect$$libinit$$00000032)
    __rt_lib_init_exceptions_1               0x0800016d   Thumb Code     0  libinit2.o(.ARM.Collect$$libinit$$00000030)
    __rt_lib_init_fp_1                       0x0800016d   Thumb Code     0  libinit2.o(.ARM.Collect$$libinit$$00000002)
    __rt_lib_init_fp_trap_1                  0x0800016d   Thumb Code     0  libinit2.o(.ARM.Collect$$libinit$$0000001F)
    __rt_lib_init_getenv_1                   0x0800016d   Thumb Code     0  libinit2.o(.ARM.Collect$$libinit$$00000023)
    __rt_lib_init_heap_1                     0x0800016d   Thumb Code     0  libinit2.o(.ARM.Collect$$libinit$$0000000A)
    __rt_lib_init_lc_collate_1               0x0800016d   Thumb Code     0  libinit2.o(.ARM.Collect$$libinit$$00000011)
    __rt_lib_init_lc_ctype_1                 0x0800016d   Thumb Code     0  libinit2.o(.ARM.Collect$$libinit$$00000013)
    __rt_lib_init_lc_monetary_1              0x0800016d   Thumb Code     0  libinit2.o(.ARM.Collect$$libinit$$00000015)
    __rt_lib_init_lc_numeric_1               0x0800016d   Thumb Code     0  libinit2.o(.ARM.Collect$$libinit$$00000017)
    __rt_lib_init_lc_time_1                  0x0800016d   Thumb Code     0  libinit2.o(.ARM.Collect$$libinit$$00000019)
    __rt_lib_init_preinit_1                  0x0800016d   Thumb Code     0  libinit2.o(.ARM.Collect$$libinit$$00000004)
    __rt_lib_init_rand_1                     0x0800016d   Thumb Code     0  libinit2.o(.ARM.Collect$$libinit$$0000000E)
    __rt_lib_init_return                     0x0800016d   Thumb Code     0  libinit2.o(.ARM.Collect$$libinit$$00000033)
    __rt_lib_init_signal_1                   0x0800016d   Thumb Code     0  libinit2.o(.ARM.Collect$$libinit$$0000001D)
    __rt_lib_init_stdio_1                    0x0800016d   Thumb Code     0  libinit2.o(.ARM.Collect$$libinit$$00000025)
    __rt_lib_init_user_alloc_1               0x0800016d   Thumb Code     0  libinit2.o(.ARM.Collect$$libinit$$0000000C)
    __rt_lib_shutdown                        0x0800016f   Thumb Code     0  libshutdown.o(.ARM.Collect$$libshutdown$$00000000)
    __rt_lib_shutdown_fp_trap_1              0x08000171   Thumb Code     0  libshutdown2.o(.ARM.Collect$$libshutdown$$00000006)
    __rt_lib_shutdown_heap_1                 0x08000171   Thumb Code     0  libshutdown2.o(.ARM.Collect$$libshutdown$$0000000E)
    __rt_lib_shutdown_return                 0x08000171   Thumb Code     0  libshutdown2.o(.ARM.Collect$$libshutdown$$0000000F)
    __rt_lib_shutdown_signal_1               0x08000171   Thumb Code     0  libshutdown2.o(.ARM.Collect$$libshutdown$$00000009)
    __rt_lib_shutdown_stdio_1                0x08000171   Thumb Code     0  libshutdown2.o(.ARM.Collect$$libshutdown$$00000003)
    __rt_lib_shutdown_user_alloc_1           0x08000171   Thumb Code     0  libshutdown2.o(.ARM.Collect$$libshutdown$$0000000B)
    __rt_entry                               0x08000173   Thumb Code     0  __rtentry.o(.ARM.Collect$$rtentry$$00000000)
    __rt_entry_presh_1                       0x08000173   Thumb Code     0  __rtentry2.o(.ARM.Collect$$rtentry$$00000002)
    __rt_entry_sh                            0x08000173   Thumb Code     0  __rtentry4.o(.ARM.Collect$$rtentry$$00000004)
    __rt_entry_li                            0x08000179   Thumb Code     0  __rtentry2.o(.ARM.Collect$$rtentry$$0000000A)
    __rt_entry_postsh_1                      0x08000179   Thumb Code     0  __rtentry2.o(.ARM.Collect$$rtentry$$00000009)
    __rt_entry_main                          0x0800017d   Thumb Code     0  __rtentry2.o(.ARM.Collect$$rtentry$$0000000D)
    __rt_entry_postli_1                      0x0800017d   Thumb Code     0  __rtentry2.o(.ARM.Collect$$rtentry$$0000000C)
    __rt_exit                                0x08000185   Thumb Code     0  rtexit.o(.ARM.Collect$$rtexit$$00000000)
    __rt_exit_ls                             0x08000187   Thumb Code     0  rtexit2.o(.ARM.Collect$$rtexit$$00000003)
    __rt_exit_prels_1                        0x08000187   Thumb Code     0  rtexit2.o(.ARM.Collect$$rtexit$$00000002)
    __rt_exit_exit                           0x0800018b   Thumb Code     0  rtexit2.o(.ARM.Collect$$rtexit$$00000004)
    Reset_Handler                            0x08000191   Thumb Code     8  startup_stm32f10x_ld.o(.text)
    ADC1_2_IRQHandler                        0x080001ab   Thumb Code     0  startup_stm32f10x_ld.o(.text)
    CAN1_RX1_IRQHandler                      0x080001ab   Thumb Code     0  startup_stm32f10x_ld.o(.text)
    CAN1_SCE_IRQHandler                      0x080001ab   Thumb Code     0  startup_stm32f10x_ld.o(.text)
    DMA1_Channel1_IRQHandler                 0x080001ab   Thumb Code     0  startup_stm32f10x_ld.o(.text)
    DMA1_Channel2_IRQHandler                 0x080001ab   Thumb Code     0  startup_stm32f10x_ld.o(.text)
    DMA1_Channel3_IRQHandler                 0x080001ab   Thumb Code     0  startup_stm32f10x_ld.o(.text)
    DMA1_Channel4_IRQHandler                 0x080001ab   Thumb Code     0  startup_stm32f10x_ld.o(.text)
    DMA1_Channel5_IRQHandler                 0x080001ab   Thumb Code     0  startup_stm32f10x_ld.o(.text)
    DMA1_Channel6_IRQHandler                 0x080001ab   Thumb Code     0  startup_stm32f10x_ld.o(.text)
    DMA1_Channel7_IRQHandler                 0x080001ab   Thumb Code     0  startup_stm32f10x_ld.o(.text)
    EXTI0_IRQHandler                         0x080001ab   Thumb Code     0  startup_stm32f10x_ld.o(.text)
    EXTI15_10_IRQHandler                     0x080001ab   Thumb Code     0  startup_stm32f10x_ld.o(.text)
    EXTI1_IRQHandler                         0x080001ab   Thumb Code     0  startup_stm32f10x_ld.o(.text)
    EXTI2_IRQHandler                         0x080001ab   Thumb Code     0  startup_stm32f10x_ld.o(.text)
    EXTI3_IRQHandler                         0x080001ab   Thumb Code     0  startup_stm32f10x_ld.o(.text)
    EXTI4_IRQHandler                         0x080001ab   Thumb Code     0  startup_stm32f10x_ld.o(.text)
    EXTI9_5_IRQHandler                       0x080001ab   Thumb Code     0  startup_stm32f10x_ld.o(.text)
    FLASH_IRQHandler                         0x080001ab   Thumb Code     0  startup_stm32f10x_ld.o(.text)
    I2C1_ER_IRQHandler                       0x080001ab   Thumb Code     0  startup_stm32f10x_ld.o(.text)
    I2C1_EV_IRQHandler                       0x080001ab   Thumb Code     0  startup_stm32f10x_ld.o(.text)
    PVD_IRQHandler                           0x080001ab   Thumb Code     0  startup_stm32f10x_ld.o(.text)
    RCC_IRQHandler                           0x080001ab   Thumb Code     0  startup_stm32f10x_ld.o(.text)
    RTCAlarm_IRQHandler                      0x080001ab   Thumb Code     0  startup_stm32f10x_ld.o(.text)
    SPI1_IRQHandler                          0x080001ab   Thumb Code     0  startup_stm32f10x_ld.o(.text)
    TAMPER_IRQHandler                        0x080001ab   Thumb Code     0  startup_stm32f10x_ld.o(.text)
    TIM1_BRK_IRQHandler                      0x080001ab   Thumb Code     0  startup_stm32f10x_ld.o(.text)
    TIM1_CC_IRQHandler                       0x080001ab   Thumb Code     0  startup_stm32f10x_ld.o(.text)
    TIM1_TRG_COM_IRQHandler                  0x080001ab   Thumb Code     0  startup_stm32f10x_ld.o(.text)
    TIM1_UP_IRQHandler                       0x080001ab   Thumb Code     0  startup_stm32f10x_ld.o(.text)
    TIM2_IRQHandler                          0x080001ab   Thumb Code     0  startup_stm32f10x_ld.o(.text)
    USBWakeUp_IRQHandler                     0x080001ab   Thumb Code     0  startup_stm32f10x_ld.o(.text)
    USB_HP_CAN1_TX_IRQHandler                0x080001ab   Thumb Code     0  startup_stm32f10x_ld.o(.text)
    USB_LP_CAN1_RX0_IRQHandler               0x080001ab   Thumb Code     0  startup_stm32f10x_ld.o(.text)
    WWDG_IRQHandler                          0x080001ab   Thumb Code     0  startup_stm32f10x_ld.o(.text)
    __user_initial_stackheap                 0x080001ad   Thumb Code     0  startup_stm32f10x_ld.o(.text)
    __use_no_semihosting                     0x080001d1   Thumb Code     2  use_no_semi_2.o(.text)
    __2sprintf                               0x080001d5   Thumb Code    34  noretval__2sprintf.o(.text)
    __printf                                 0x080001fd   Thumb Code   104  __printf.o(.text)
    _printf_int_dec                          0x08000265   Thumb Code   104  _printf_dec.o(.text)
    __use_two_region_memory                  0x080002dd   Thumb Code     2  heapauxi.o(.text)
    __rt_heap_escrow$2region                 0x080002df   Thumb Code     2  heapauxi.o(.text)
    __rt_heap_expand$2region                 0x080002e1   Thumb Code     2  heapauxi.o(.text)
    __I$use$semihosting                      0x080002e3   Thumb Code     0  use_no_semi.o(.text)
    __use_no_semihosting_swi                 0x080002e3   Thumb Code     2  use_no_semi.o(.text)
    _printf_int_common                       0x080002e5   Thumb Code   178  _printf_intcommon.o(.text)
    _printf_char_common                      0x080003a3   Thumb Code    32  _printf_char_common.o(.text)
    _sputc                                   0x080003c9   Thumb Code    10  _sputc.o(.text)
    __user_setup_stackheap                   0x080003d3   Thumb Code    74  sys_stackheap_outer.o(.text)
    exit                                     0x0800041d   Thumb Code    12  exit.o(.text)
    __user_libspace                          0x08000429   Thumb Code     8  libspace.o(.text)
    __user_perproc_libspace                  0x08000429   Thumb Code     0  libspace.o(.text)
    __user_perthread_libspace                0x08000429   Thumb Code     0  libspace.o(.text)
    BKP_DeInit                               0x08000431   Thumb Code    16  stm32f10x_bkp.o(i.BKP_DeInit)
    BKP_ReadBackupRegister                   0x08000441   Thumb Code    24  stm32f10x_bkp.o(i.BKP_ReadBackupRegister)
    BKP_WriteBackupRegister                  0x0800045d   Thumb Code    22  stm32f10x_bkp.o(i.BKP_WriteBackupRegister)
    BusFault_Handler                         0x08000479   Thumb Code     4  stm32f10x_it.o(i.BusFault_Handler)
    DMA_ClearFlag                            0x0800047d   Thumb Code    18  stm32f10x_dma.o(i.DMA_ClearFlag)
    DMA_Cmd                                  0x08000499   Thumb Code    24  stm32f10x_dma.o(i.DMA_Cmd)
    DMA_DeInit                               0x080004b1   Thumb Code   324  stm32f10x_dma.o(i.DMA_DeInit)
    DMA_GetFlagStatus                        0x080005fd   Thumb Code    36  stm32f10x_dma.o(i.DMA_GetFlagStatus)
    DMA_Init                                 0x08000629   Thumb Code    60  stm32f10x_dma.o(i.DMA_Init)
    DMA_SetCurrDataCounter                   0x08000665   Thumb Code     4  stm32f10x_dma.o(i.DMA_SetCurrDataCounter)
    DebugMon_Handler                         0x08000669   Thumb Code     2  stm32f10x_it.o(i.DebugMon_Handler)
    GPIO_Init                                0x0800066b   Thumb Code   278  stm32f10x_gpio.o(i.GPIO_Init)
    GPIO_ReadInputDataBit                    0x08000781   Thumb Code    18  stm32f10x_gpio.o(i.GPIO_ReadInputDataBit)
    HardFault_Handler                        0x08000793   Thumb Code     4  stm32f10x_it.o(i.HardFault_Handler)
    I2C_CheckEvent                           0x08000797   Thumb Code    42  stm32f10x_i2c.o(i.I2C_CheckEvent)
    I2C_Cmd                                  0x080007c1   Thumb Code    24  stm32f10x_i2c.o(i.I2C_Cmd)
    I2C_Configuration                        0x080007d9   Thumb Code   118  oled_i2c.o(i.I2C_Configuration)
    I2C_GenerateSTART                        0x0800085d   Thumb Code    24  stm32f10x_i2c.o(i.I2C_GenerateSTART)
    I2C_GenerateSTOP                         0x08000875   Thumb Code    24  stm32f10x_i2c.o(i.I2C_GenerateSTOP)
    I2C_GetFlagStatus                        0x0800088d   Thumb Code    58  stm32f10x_i2c.o(i.I2C_GetFlagStatus)
    I2C_Init                                 0x080008c9   Thumb Code   222  stm32f10x_i2c.o(i.I2C_Init)
    I2C_Send7bitAddress                      0x080009b5   Thumb Code    18  stm32f10x_i2c.o(i.I2C_Send7bitAddress)
    I2C_SendData                             0x080009c7   Thumb Code     4  stm32f10x_i2c.o(i.I2C_SendData)
    I2C_WriteByte                            0x080009cd   Thumb Code   126  oled_i2c.o(i.I2C_WriteByte)
    Is_Leap_Year                             0x08000a59   Thumb Code    58  rtc.o(i.Is_Leap_Year)
    MemManage_Handler                        0x08000a93   Thumb Code     4  stm32f10x_it.o(i.MemManage_Handler)
    NMI_Handler                              0x08000a97   Thumb Code     2  stm32f10x_it.o(i.NMI_Handler)
    NVIC_Init                                0x08000a99   Thumb Code   100  misc.o(i.NVIC_Init)
    OLED_CLS                                 0x08000b09   Thumb Code    10  oled_i2c.o(i.OLED_CLS)
    OLED_Fill                                0x08000b13   Thumb Code    58  oled_i2c.o(i.OLED_Fill)
    OLED_Init                                0x08000b4d   Thumb Code   180  oled_i2c.o(i.OLED_Init)
    OLED_SetPos                              0x08000c01   Thumb Code    40  oled_i2c.o(i.OLED_SetPos)
    OLED_ShowStr                             0x08000c29   Thumb Code   228  oled_i2c.o(i.OLED_ShowStr)
    PWM_Init                                 0x08000d15   Thumb Code   226  pwm.o(i.PWM_Init)
    PWR_BackupAccessCmd                      0x08000e09   Thumb Code     6  stm32f10x_pwr.o(i.PWR_BackupAccessCmd)
    PendSV_Handler                           0x08000e15   Thumb Code     2  stm32f10x_it.o(i.PendSV_Handler)
    RCC_AHBPeriphClockCmd                    0x08000e19   Thumb Code    26  stm32f10x_rcc.o(i.RCC_AHBPeriphClockCmd)
    RCC_APB1PeriphClockCmd                   0x08000e39   Thumb Code    26  stm32f10x_rcc.o(i.RCC_APB1PeriphClockCmd)
    RCC_APB1PeriphResetCmd                   0x08000e59   Thumb Code    26  stm32f10x_rcc.o(i.RCC_APB1PeriphResetCmd)
    RCC_APB2PeriphClockCmd                   0x08000e79   Thumb Code    26  stm32f10x_rcc.o(i.RCC_APB2PeriphClockCmd)
    RCC_APB2PeriphResetCmd                   0x08000e99   Thumb Code    26  stm32f10x_rcc.o(i.RCC_APB2PeriphResetCmd)
    RCC_BackupResetCmd                       0x08000eb9   Thumb Code     6  stm32f10x_rcc.o(i.RCC_BackupResetCmd)
    RCC_GetClocksFreq                        0x08000ec5   Thumb Code   192  stm32f10x_rcc.o(i.RCC_GetClocksFreq)
    RCC_GetFlagStatus                        0x08000f99   Thumb Code    56  stm32f10x_rcc.o(i.RCC_GetFlagStatus)
    RCC_LSEConfig                            0x08000fd5   Thumb Code    46  stm32f10x_rcc.o(i.RCC_LSEConfig)
    RCC_RTCCLKCmd                            0x08001009   Thumb Code     6  stm32f10x_rcc.o(i.RCC_RTCCLKCmd)
    RCC_RTCCLKConfig                         0x08001015   Thumb Code    12  stm32f10x_rcc.o(i.RCC_RTCCLKConfig)
    RTC_ClearITPendingBit                    0x08001025   Thumb Code    12  stm32f10x_rtc.o(i.RTC_ClearITPendingBit)
    RTC_EnterConfigMode                      0x08001035   Thumb Code    14  stm32f10x_rtc.o(i.RTC_EnterConfigMode)
    RTC_ExitConfigMode                       0x08001049   Thumb Code    16  stm32f10x_rtc.o(i.RTC_ExitConfigMode)
    RTC_Get                                  0x0800105d   Thumb Code   240  rtc.o(i.RTC_Get)
    RTC_GetCounter                           0x0800115d   Thumb Code    16  stm32f10x_rtc.o(i.RTC_GetCounter)
    RTC_GetITStatus                          0x08001171   Thumb Code    32  stm32f10x_rtc.o(i.RTC_GetITStatus)
    RTC_Get_Week                             0x08001195   Thumb Code   116  rtc.o(i.RTC_Get_Week)
    RTC_IRQHandler                           0x0800120d   Thumb Code    44  rtc.o(i.RTC_IRQHandler)
    RTC_ITConfig                             0x08001239   Thumb Code    26  stm32f10x_rtc.o(i.RTC_ITConfig)
    RTC_Init                                 0x08001259   Thumb Code   190  rtc.o(i.RTC_Init)
    RTC_Set                                  0x08001339   Thumb Code   184  rtc.o(i.RTC_Set)
    RTC_SetCounter                           0x08001401   Thumb Code    24  stm32f10x_rtc.o(i.RTC_SetCounter)
    RTC_SetPrescaler                         0x0800141d   Thumb Code    26  stm32f10x_rtc.o(i.RTC_SetPrescaler)
    RTC_WaitForLastTask                      0x0800143d   Thumb Code    16  stm32f10x_rtc.o(i.RTC_WaitForLastTask)
    RTC_WaitForSynchro                       0x08001451   Thumb Code    30  stm32f10x_rtc.o(i.RTC_WaitForSynchro)
    SVC_Handler                              0x08001475   Thumb Code     2  stm32f10x_it.o(i.SVC_Handler)
    SysTick_CLKSourceConfig                  0x08001561   Thumb Code    40  misc.o(i.SysTick_CLKSourceConfig)
    SysTick_Handler                          0x08001589   Thumb Code     2  stm32f10x_it.o(i.SysTick_Handler)
    SystemInit                               0x0800158d   Thumb Code    78  system_stm32f10x.o(i.SystemInit)
    TIM3_IRQHandler                          0x080015ed   Thumb Code   422  timer.o(i.TIM3_IRQHandler)
    TIM3_Int_Init                            0x080017dd   Thumb Code    88  timer.o(i.TIM3_Int_Init)
    TIM_ARRPreloadConfig                     0x08001839   Thumb Code    24  stm32f10x_tim.o(i.TIM_ARRPreloadConfig)
    TIM_ClearITPendingBit                    0x08001851   Thumb Code     6  stm32f10x_tim.o(i.TIM_ClearITPendingBit)
    TIM_Cmd                                  0x08001857   Thumb Code    24  stm32f10x_tim.o(i.TIM_Cmd)
    TIM_DMACmd                               0x0800186f   Thumb Code    18  stm32f10x_tim.o(i.TIM_DMACmd)
    TIM_GetITStatus                          0x08001881   Thumb Code    34  stm32f10x_tim.o(i.TIM_GetITStatus)
    TIM_ITConfig                             0x080018a3   Thumb Code    18  stm32f10x_tim.o(i.TIM_ITConfig)
    TIM_OC1Init                              0x080018b5   Thumb Code   132  stm32f10x_tim.o(i.TIM_OC1Init)
    TIM_OC1PreloadConfig                     0x0800194d   Thumb Code    18  stm32f10x_tim.o(i.TIM_OC1PreloadConfig)
    TIM_TimeBaseInit                         0x08001961   Thumb Code   122  stm32f10x_tim.o(i.TIM_TimeBaseInit)
    USART1_IRQHandler                        0x08001a05   Thumb Code    24  usart.o(i.USART1_IRQHandler)
    USART2_IRQHandler                        0x08001a21   Thumb Code   130  main.o(i.USART2_IRQHandler)
    USART_Cmd                                0x08001ab9   Thumb Code    24  stm32f10x_usart.o(i.USART_Cmd)
    USART_DeInit                             0x08001ad1   Thumb Code   134  stm32f10x_usart.o(i.USART_DeInit)
    USART_GetITStatus                        0x08001b6d   Thumb Code    84  stm32f10x_usart.o(i.USART_GetITStatus)
    USART_ITConfig                           0x08001bc1   Thumb Code    74  stm32f10x_usart.o(i.USART_ITConfig)
    USART_Init                               0x08001c0d   Thumb Code   210  stm32f10x_usart.o(i.USART_Init)
    USART_ReceiveData                        0x08001ce5   Thumb Code    10  stm32f10x_usart.o(i.USART_ReceiveData)
    UsageFault_Handler                       0x08001cef   Thumb Code     4  stm32f10x_it.o(i.UsageFault_Handler)
    WriteCmd                                 0x08001cf3   Thumb Code    14  oled_i2c.o(i.WriteCmd)
    WriteDat                                 0x08001d01   Thumb Code    14  oled_i2c.o(i.WriteDat)
    _sys_exit                                0x08001d0f   Thumb Code     4  usart.o(i._sys_exit)
    delay_init                               0x08001d15   Thumb Code    52  delay.o(i.delay_init)
    delay_ms                                 0x08001d51   Thumb Code    56  delay.o(i.delay_ms)
    key                                      0x08001d8d   Thumb Code   276  main.o(i.key)
    key_GPIO_Init                            0x08001eb5   Thumb Code    40  step.o(i.key_GPIO_Init)
    main                                     0x08001ee1   Thumb Code   306  main.o(i.main)
    uart2_init                               0x08002061   Thumb Code   162  usart.o(i.uart2_init)
    ws281x_closeAll                          0x0800210d   Thumb Code    48  ws281x.o(i.ws281x_closeAll)
    ws281x_color                             0x08002141   Thumb Code    12  ws281x.o(i.ws281x_color)
    ws281x_setPixelColor_ringleds            0x0800214d   Thumb Code   136  ws281x.o(i.ws281x_setPixelColor_ringleds)
    ws281x_show                              0x080021d9   Thumb Code    68  ws281x.o(i.ws281x_show)
    F6x8                                     0x08002224   Data         552  oled_i2c.o(.constdata)
    F8X16                                    0x0800244c   Data        1520  oled_i2c.o(.constdata)
    table_week                               0x08002a3c   Data          12  rtc.o(.constdata)
    mon_table                                0x08002a48   Data          12  rtc.o(.constdata)
    Region$$Table$$Base                      0x08002a54   Number         0  anon$$obj.o(Region$$Table)
    Region$$Table$$Limit                     0x08002a74   Number         0  anon$$obj.o(Region$$Table)
    color_R                                  0x20000000   Data          65  timer.o(.data)
    color_G                                  0x20000041   Data          65  timer.o(.data)
    color_B                                  0x20000082   Data          65  timer.o(.data)
    ws281x_led_display_time                  0x200000c4   Data           2  timer.o(.data)
    ws281x_led_display_mode                  0x200000c6   Data           1  timer.o(.data)
    ws281x_freq_speed                        0x200000c8   Data           2  timer.o(.data)
    ws281x_freq_index                        0x200000ca   Data           1  timer.o(.data)
    ws281x_freq_num                          0x200000cb   Data           1  timer.o(.data)
    ws281x_freq_color_type                   0x200000cc   Data           1  timer.o(.data)
    ws281x_bln_mode                          0x200000cd   Data           1  timer.o(.data)
    ws281x_bln_speed                         0x200000ce   Data           1  timer.o(.data)
    ws281x_bln_num                           0x200000d0   Data           2  timer.o(.data)
    ws281x_bln_oldnum                        0x200000d2   Data           2  timer.o(.data)
    ws281x_whirl_speed_auto                  0x200000d4   Data           2  timer.o(.data)
    ws281x_whirl_speed_val_index             0x200000d6   Data           1  timer.o(.data)
    ws281x_whirl_speed_val                   0x200000d7   Data           1  timer.o(.data)
    ws281x_whirl_speed                       0x200000d8   Data           2  timer.o(.data)
    ws281x_whirl_index                       0x200000da   Data           1  timer.o(.data)
    ws281x_whirl_color_speed                 0x200000dc   Data           2  timer.o(.data)
    ws281x_whirl_color_index                 0x200000de   Data           1  timer.o(.data)
    ws281x_whirl_colortran_index             0x200000df   Data           1  timer.o(.data)
    ws281x_crawling_speed                    0x200000e0   Data           2  timer.o(.data)
    ws281x_crawling_num                      0x200000e2   Data           2  timer.o(.data)
    ws281x_transition_speed                  0x200000e4   Data           2  timer.o(.data)
    ws281x_transition_num                    0x200000e6   Data           2  timer.o(.data)
    ws281x_rainbow_speed                     0x200000e8   Data           2  timer.o(.data)
    ws281x_rainbow_num                       0x200000ea   Data           2  timer.o(.data)
    flag1                                    0x200000ec   Data           1  usart.o(.data)
    __stdout                                 0x200000f0   Data           4  usart.o(.data)
    RxCounter                                0x200000f4   Data           1  usart.o(.data)
    RxCounter1                               0x200000f5   Data           1  usart.o(.data)
    USART_RX_STA                             0x200000f6   Data           2  usart.o(.data)
    LED_R                                    0x200000fa   Data           1  main.o(.data)
    LED_G                                    0x200000fb   Data           1  main.o(.data)
    LED_B                                    0x200000fc   Data           1  main.o(.data)
    LED_num                                  0x200000fd   Data           1  main.o(.data)
    pixelBuffer                              0x20000118   Data        1248  ws281x.o(.bss)
    calendar                                 0x200005f8   Data          10  rtc.o(.bss)
    fTempString                              0x20000602   Data          16  main.o(.bss)
    fTempString1                             0x20000612   Data          16  main.o(.bss)
    fTempString2                             0x20000622   Data          16  main.o(.bss)
    fTempString3                             0x20000632   Data          16  main.o(.bss)
    fTempString4                             0x20000642   Data          16  main.o(.bss)
    fTempString5                             0x20000652   Data          16  main.o(.bss)
    __libspace_start                         0x20000664   Data          96  libspace.o(.bss)
    __temporary_stack_top$libspace           0x200006c4   Data           0  libspace.o(.bss)



==============================================================================

Memory Map of the image

  Image Entry point : 0x080000ed

  Load Region LR_IROM1 (Base: 0x08000000, Size: 0x00002b8c, Max: 0x00008000, ABSOLUTE)

    Execution Region ER_IROM1 (Base: 0x08000000, Size: 0x00002a74, Max: 0x00008000, ABSOLUTE)

    Base Addr    Size         Type   Attr      Idx    E Section Name        Object

    0x08000000   0x000000ec   Data   RO         3663    RESET               startup_stm32f10x_ld.o
    0x080000ec   0x00000008   Code   RO         3704  * !!!main             c_w.l(__main.o)
    0x080000f4   0x00000034   Code   RO         3867    !!!scatter          c_w.l(__scatter.o)
    0x08000128   0x0000001a   Code   RO         3869    !!handler_copy      c_w.l(__scatter_copy.o)
    0x08000142   0x00000002   PAD
    0x08000144   0x0000001c   Code   RO         3871    !!handler_zi        c_w.l(__scatter_zi.o)
    0x08000160   0x00000000   Code   RO         3701    .ARM.Collect$$_printf_percent$$00000000  c_w.l(_printf_percent.o)
    0x08000160   0x00000006   Code   RO         3700    .ARM.Collect$$_printf_percent$$00000009  c_w.l(_printf_d.o)
    0x08000166   0x00000004   Code   RO         3715    .ARM.Collect$$_printf_percent$$00000017  c_w.l(_printf_percent_end.o)
    0x0800016a   0x00000002   Code   RO         3742    .ARM.Collect$$libinit$$00000000  c_w.l(libinit.o)
    0x0800016c   0x00000000   Code   RO         3749    .ARM.Collect$$libinit$$00000002  c_w.l(libinit2.o)
    0x0800016c   0x00000000   Code   RO         3751    .ARM.Collect$$libinit$$00000004  c_w.l(libinit2.o)
    0x0800016c   0x00000000   Code   RO         3754    .ARM.Collect$$libinit$$0000000A  c_w.l(libinit2.o)
    0x0800016c   0x00000000   Code   RO         3756    .ARM.Collect$$libinit$$0000000C  c_w.l(libinit2.o)
    0x0800016c   0x00000000   Code   RO         3758    .ARM.Collect$$libinit$$0000000E  c_w.l(libinit2.o)
    0x0800016c   0x00000000   Code   RO         3761    .ARM.Collect$$libinit$$00000011  c_w.l(libinit2.o)
    0x0800016c   0x00000000   Code   RO         3763    .ARM.Collect$$libinit$$00000013  c_w.l(libinit2.o)
    0x0800016c   0x00000000   Code   RO         3765    .ARM.Collect$$libinit$$00000015  c_w.l(libinit2.o)
    0x0800016c   0x00000000   Code   RO         3767    .ARM.Collect$$libinit$$00000017  c_w.l(libinit2.o)
    0x0800016c   0x00000000   Code   RO         3769    .ARM.Collect$$libinit$$00000019  c_w.l(libinit2.o)
    0x0800016c   0x00000000   Code   RO         3771    .ARM.Collect$$libinit$$0000001B  c_w.l(libinit2.o)
    0x0800016c   0x00000000   Code   RO         3773    .ARM.Collect$$libinit$$0000001D  c_w.l(libinit2.o)
    0x0800016c   0x00000000   Code   RO         3775    .ARM.Collect$$libinit$$0000001F  c_w.l(libinit2.o)
    0x0800016c   0x00000000   Code   RO         3777    .ARM.Collect$$libinit$$00000021  c_w.l(libinit2.o)
    0x0800016c   0x00000000   Code   RO         3779    .ARM.Collect$$libinit$$00000023  c_w.l(libinit2.o)
    0x0800016c   0x00000000   Code   RO         3781    .ARM.Collect$$libinit$$00000025  c_w.l(libinit2.o)
    0x0800016c   0x00000000   Code   RO         3785    .ARM.Collect$$libinit$$0000002C  c_w.l(libinit2.o)
    0x0800016c   0x00000000   Code   RO         3787    .ARM.Collect$$libinit$$0000002E  c_w.l(libinit2.o)
    0x0800016c   0x00000000   Code   RO         3789    .ARM.Collect$$libinit$$00000030  c_w.l(libinit2.o)
    0x0800016c   0x00000000   Code   RO         3791    .ARM.Collect$$libinit$$00000032  c_w.l(libinit2.o)
    0x0800016c   0x00000002   Code   RO         3792    .ARM.Collect$$libinit$$00000033  c_w.l(libinit2.o)
    0x0800016e   0x00000002   Code   RO         3810    .ARM.Collect$$libshutdown$$00000000  c_w.l(libshutdown.o)
    0x08000170   0x00000000   Code   RO         3821    .ARM.Collect$$libshutdown$$00000003  c_w.l(libshutdown2.o)
    0x08000170   0x00000000   Code   RO         3824    .ARM.Collect$$libshutdown$$00000006  c_w.l(libshutdown2.o)
    0x08000170   0x00000000   Code   RO         3827    .ARM.Collect$$libshutdown$$00000009  c_w.l(libshutdown2.o)
    0x08000170   0x00000000   Code   RO         3829    .ARM.Collect$$libshutdown$$0000000B  c_w.l(libshutdown2.o)
    0x08000170   0x00000000   Code   RO         3832    .ARM.Collect$$libshutdown$$0000000E  c_w.l(libshutdown2.o)
    0x08000170   0x00000002   Code   RO         3833    .ARM.Collect$$libshutdown$$0000000F  c_w.l(libshutdown2.o)
    0x08000172   0x00000000   Code   RO         3708    .ARM.Collect$$rtentry$$00000000  c_w.l(__rtentry.o)
    0x08000172   0x00000000   Code   RO         3717    .ARM.Collect$$rtentry$$00000002  c_w.l(__rtentry2.o)
    0x08000172   0x00000006   Code   RO         3729    .ARM.Collect$$rtentry$$00000004  c_w.l(__rtentry4.o)
    0x08000178   0x00000000   Code   RO         3719    .ARM.Collect$$rtentry$$00000009  c_w.l(__rtentry2.o)
    0x08000178   0x00000004   Code   RO         3720    .ARM.Collect$$rtentry$$0000000A  c_w.l(__rtentry2.o)
    0x0800017c   0x00000000   Code   RO         3722    .ARM.Collect$$rtentry$$0000000C  c_w.l(__rtentry2.o)
    0x0800017c   0x00000008   Code   RO         3723    .ARM.Collect$$rtentry$$0000000D  c_w.l(__rtentry2.o)
    0x08000184   0x00000002   Code   RO         3746    .ARM.Collect$$rtexit$$00000000  c_w.l(rtexit.o)
    0x08000186   0x00000000   Code   RO         3794    .ARM.Collect$$rtexit$$00000002  c_w.l(rtexit2.o)
    0x08000186   0x00000004   Code   RO         3795    .ARM.Collect$$rtexit$$00000003  c_w.l(rtexit2.o)
    0x0800018a   0x00000006   Code   RO         3796    .ARM.Collect$$rtexit$$00000004  c_w.l(rtexit2.o)
    0x08000190   0x00000040   Code   RO         3664    .text               startup_stm32f10x_ld.o
    0x080001d0   0x00000002   Code   RO         3670    .text               c_w.l(use_no_semi_2.o)
    0x080001d2   0x00000002   PAD
    0x080001d4   0x00000028   Code   RO         3674    .text               c_w.l(noretval__2sprintf.o)
    0x080001fc   0x00000068   Code   RO         3676    .text               c_w.l(__printf.o)
    0x08000264   0x00000078   Code   RO         3678    .text               c_w.l(_printf_dec.o)
    0x080002dc   0x00000006   Code   RO         3702    .text               c_w.l(heapauxi.o)
    0x080002e2   0x00000002   Code   RO         3706    .text               c_w.l(use_no_semi.o)
    0x080002e4   0x000000b2   Code   RO         3709    .text               c_w.l(_printf_intcommon.o)
    0x08000396   0x00000002   PAD
    0x08000398   0x00000030   Code   RO         3711    .text               c_w.l(_printf_char_common.o)
    0x080003c8   0x0000000a   Code   RO         3713    .text               c_w.l(_sputc.o)
    0x080003d2   0x0000004a   Code   RO         3733    .text               c_w.l(sys_stackheap_outer.o)
    0x0800041c   0x0000000c   Code   RO         3735    .text               c_w.l(exit.o)
    0x08000428   0x00000008   Code   RO         3743    .text               c_w.l(libspace.o)
    0x08000430   0x00000010   Code   RO          944    i.BKP_DeInit        stm32f10x_bkp.o
    0x08000440   0x0000001c   Code   RO          949    i.BKP_ReadBackupRegister  stm32f10x_bkp.o
    0x0800045c   0x0000001c   Code   RO          953    i.BKP_WriteBackupRegister  stm32f10x_bkp.o
    0x08000478   0x00000004   Code   RO          532    i.BusFault_Handler  stm32f10x_it.o
    0x0800047c   0x0000001c   Code   RO         1409    i.DMA_ClearFlag     stm32f10x_dma.o
    0x08000498   0x00000018   Code   RO         1411    i.DMA_Cmd           stm32f10x_dma.o
    0x080004b0   0x0000014c   Code   RO         1412    i.DMA_DeInit        stm32f10x_dma.o
    0x080005fc   0x0000002c   Code   RO         1414    i.DMA_GetFlagStatus  stm32f10x_dma.o
    0x08000628   0x0000003c   Code   RO         1417    i.DMA_Init          stm32f10x_dma.o
    0x08000664   0x00000004   Code   RO         1418    i.DMA_SetCurrDataCounter  stm32f10x_dma.o
    0x08000668   0x00000002   Code   RO          533    i.DebugMon_Handler  stm32f10x_it.o
    0x0800066a   0x00000116   Code   RO         1835    i.GPIO_Init         stm32f10x_gpio.o
    0x08000780   0x00000012   Code   RO         1839    i.GPIO_ReadInputDataBit  stm32f10x_gpio.o
    0x08000792   0x00000004   Code   RO          534    i.HardFault_Handler  stm32f10x_it.o
    0x08000796   0x0000002a   Code   RO         1946    i.I2C_CheckEvent    stm32f10x_i2c.o
    0x080007c0   0x00000018   Code   RO         1949    i.I2C_Cmd           stm32f10x_i2c.o
    0x080007d8   0x00000084   Code   RO          221    i.I2C_Configuration  oled_i2c.o
    0x0800085c   0x00000018   Code   RO         1956    i.I2C_GenerateSTART  stm32f10x_i2c.o
    0x08000874   0x00000018   Code   RO         1957    i.I2C_GenerateSTOP  stm32f10x_i2c.o
    0x0800088c   0x0000003a   Code   RO         1958    i.I2C_GetFlagStatus  stm32f10x_i2c.o
    0x080008c6   0x00000002   PAD
    0x080008c8   0x000000ec   Code   RO         1963    i.I2C_Init          stm32f10x_i2c.o
    0x080009b4   0x00000012   Code   RO         1970    i.I2C_Send7bitAddress  stm32f10x_i2c.o
    0x080009c6   0x00000004   Code   RO         1971    i.I2C_SendData      stm32f10x_i2c.o
    0x080009ca   0x00000002   PAD
    0x080009cc   0x0000008c   Code   RO          222    i.I2C_WriteByte     oled_i2c.o
    0x08000a58   0x0000003a   Code   RO          390    i.Is_Leap_Year      rtc.o
    0x08000a92   0x00000004   Code   RO          535    i.MemManage_Handler  stm32f10x_it.o
    0x08000a96   0x00000002   Code   RO          536    i.NMI_Handler       stm32f10x_it.o
    0x08000a98   0x00000070   Code   RO          684    i.NVIC_Init         misc.o
    0x08000b08   0x0000000a   Code   RO          223    i.OLED_CLS          oled_i2c.o
    0x08000b12   0x0000003a   Code   RO          225    i.OLED_Fill         oled_i2c.o
    0x08000b4c   0x000000b4   Code   RO          226    i.OLED_Init         oled_i2c.o
    0x08000c00   0x00000028   Code   RO          229    i.OLED_SetPos       oled_i2c.o
    0x08000c28   0x000000ec   Code   RO          231    i.OLED_ShowStr      oled_i2c.o
    0x08000d14   0x000000f4   Code   RO            1    i.PWM_Init          pwm.o
    0x08000e08   0x0000000c   Code   RO         2189    i.PWR_BackupAccessCmd  stm32f10x_pwr.o
    0x08000e14   0x00000002   Code   RO          537    i.PendSV_Handler    stm32f10x_it.o
    0x08000e16   0x00000002   PAD
    0x08000e18   0x00000020   Code   RO         2250    i.RCC_AHBPeriphClockCmd  stm32f10x_rcc.o
    0x08000e38   0x00000020   Code   RO         2251    i.RCC_APB1PeriphClockCmd  stm32f10x_rcc.o
    0x08000e58   0x00000020   Code   RO         2252    i.RCC_APB1PeriphResetCmd  stm32f10x_rcc.o
    0x08000e78   0x00000020   Code   RO         2253    i.RCC_APB2PeriphClockCmd  stm32f10x_rcc.o
    0x08000e98   0x00000020   Code   RO         2254    i.RCC_APB2PeriphResetCmd  stm32f10x_rcc.o
    0x08000eb8   0x0000000c   Code   RO         2256    i.RCC_BackupResetCmd  stm32f10x_rcc.o
    0x08000ec4   0x000000d4   Code   RO         2261    i.RCC_GetClocksFreq  stm32f10x_rcc.o
    0x08000f98   0x0000003c   Code   RO         2262    i.RCC_GetFlagStatus  stm32f10x_rcc.o
    0x08000fd4   0x00000034   Code   RO         2269    i.RCC_LSEConfig     stm32f10x_rcc.o
    0x08001008   0x0000000c   Code   RO         2276    i.RCC_RTCCLKCmd     stm32f10x_rcc.o
    0x08001014   0x00000010   Code   RO         2277    i.RCC_RTCCLKConfig  stm32f10x_rcc.o
    0x08001024   0x00000010   Code   RO         2450    i.RTC_ClearITPendingBit  stm32f10x_rtc.o
    0x08001034   0x00000014   Code   RO         2451    i.RTC_EnterConfigMode  stm32f10x_rtc.o
    0x08001048   0x00000014   Code   RO         2452    i.RTC_ExitConfigMode  stm32f10x_rtc.o
    0x0800105c   0x00000100   Code   RO          392    i.RTC_Get           rtc.o
    0x0800115c   0x00000014   Code   RO         2453    i.RTC_GetCounter    stm32f10x_rtc.o
    0x08001170   0x00000024   Code   RO         2456    i.RTC_GetITStatus   stm32f10x_rtc.o
    0x08001194   0x00000078   Code   RO          393    i.RTC_Get_Week      rtc.o
    0x0800120c   0x0000002c   Code   RO          394    i.RTC_IRQHandler    rtc.o
    0x08001238   0x00000020   Code   RO         2457    i.RTC_ITConfig      stm32f10x_rtc.o
    0x08001258   0x000000be   Code   RO          395    i.RTC_Init          rtc.o
    0x08001316   0x00000020   Code   RO          396    i.RTC_NVIC_Config   rtc.o
    0x08001336   0x00000002   PAD
    0x08001338   0x000000c8   Code   RO          397    i.RTC_Set           rtc.o
    0x08001400   0x0000001c   Code   RO         2459    i.RTC_SetCounter    stm32f10x_rtc.o
    0x0800141c   0x00000020   Code   RO         2460    i.RTC_SetPrescaler  stm32f10x_rtc.o
    0x0800143c   0x00000014   Code   RO         2461    i.RTC_WaitForLastTask  stm32f10x_rtc.o
    0x08001450   0x00000024   Code   RO         2462    i.RTC_WaitForSynchro  stm32f10x_rtc.o
    0x08001474   0x00000002   Code   RO          538    i.SVC_Handler       stm32f10x_it.o
    0x08001476   0x00000008   Code   RO          595    i.SetSysClock       system_stm32f10x.o
    0x0800147e   0x00000002   PAD
    0x08001480   0x000000e0   Code   RO          596    i.SetSysClockTo72   system_stm32f10x.o
    0x08001560   0x00000028   Code   RO          688    i.SysTick_CLKSourceConfig  misc.o
    0x08001588   0x00000002   Code   RO          539    i.SysTick_Handler   stm32f10x_it.o
    0x0800158a   0x00000002   PAD
    0x0800158c   0x00000060   Code   RO          598    i.SystemInit        system_stm32f10x.o
    0x080015ec   0x000001f0   Code   RO          196    i.TIM3_IRQHandler   timer.o
    0x080017dc   0x0000005c   Code   RO          197    i.TIM3_Int_Init     timer.o
    0x08001838   0x00000018   Code   RO         2873    i.TIM_ARRPreloadConfig  stm32f10x_tim.o
    0x08001850   0x00000006   Code   RO         2880    i.TIM_ClearITPendingBit  stm32f10x_tim.o
    0x08001856   0x00000018   Code   RO         2885    i.TIM_Cmd           stm32f10x_tim.o
    0x0800186e   0x00000012   Code   RO         2888    i.TIM_DMACmd        stm32f10x_tim.o
    0x08001880   0x00000022   Code   RO         2906    i.TIM_GetITStatus   stm32f10x_tim.o
    0x080018a2   0x00000012   Code   RO         2910    i.TIM_ITConfig      stm32f10x_tim.o
    0x080018b4   0x00000098   Code   RO         2914    i.TIM_OC1Init       stm32f10x_tim.o
    0x0800194c   0x00000012   Code   RO         2917    i.TIM_OC1PreloadConfig  stm32f10x_tim.o
    0x0800195e   0x00000002   PAD
    0x08001960   0x000000a4   Code   RO         2956    i.TIM_TimeBaseInit  stm32f10x_tim.o
    0x08001a04   0x0000001c   Code   RO          317    i.USART1_IRQHandler  usart.o
    0x08001a20   0x00000098   Code   RO          500    i.USART2_IRQHandler  main.o
    0x08001ab8   0x00000018   Code   RO         3421    i.USART_Cmd         stm32f10x_usart.o
    0x08001ad0   0x0000009c   Code   RO         3423    i.USART_DeInit      stm32f10x_usart.o
    0x08001b6c   0x00000054   Code   RO         3425    i.USART_GetITStatus  stm32f10x_usart.o
    0x08001bc0   0x0000004a   Code   RO         3427    i.USART_ITConfig    stm32f10x_usart.o
    0x08001c0a   0x00000002   PAD
    0x08001c0c   0x000000d8   Code   RO         3428    i.USART_Init        stm32f10x_usart.o
    0x08001ce4   0x0000000a   Code   RO         3435    i.USART_ReceiveData  stm32f10x_usart.o
    0x08001cee   0x00000004   Code   RO          540    i.UsageFault_Handler  stm32f10x_it.o
    0x08001cf2   0x0000000e   Code   RO          232    i.WriteCmd          oled_i2c.o
    0x08001d00   0x0000000e   Code   RO          233    i.WriteDat          oled_i2c.o
    0x08001d0e   0x00000004   Code   RO          320    i._sys_exit         usart.o
    0x08001d12   0x00000002   PAD
    0x08001d14   0x0000003c   Code   RO          629    i.delay_init        delay.o
    0x08001d50   0x0000003c   Code   RO          630    i.delay_ms          delay.o
    0x08001d8c   0x00000128   Code   RO          501    i.key               main.o
    0x08001eb4   0x0000002c   Code   RO          457    i.key_GPIO_Init     step.o
    0x08001ee0   0x00000180   Code   RO          502    i.main              main.o
    0x08002060   0x000000ac   Code   RO          322    i.uart2_init        usart.o
    0x0800210c   0x00000034   Code   RO          108    i.ws281x_closeAll   ws281x.o
    0x08002140   0x0000000c   Code   RO          109    i.ws281x_color      ws281x.o
    0x0800214c   0x0000008c   Code   RO          116    i.ws281x_setPixelColor_ringleds  ws281x.o
    0x080021d8   0x0000004c   Code   RO          118    i.ws281x_show       ws281x.o
    0x08002224   0x00000818   Data   RO          234    .constdata          oled_i2c.o
    0x08002a3c   0x00000018   Data   RO          399    .constdata          rtc.o
    0x08002a54   0x00000020   Data   RO         3865    Region$$Table       anon$$obj.o


    Execution Region RW_IRAM1 (Base: 0x20000000, Size: 0x00000cc8, Max: 0x00002800, ABSOLUTE)

    Base Addr    Size         Type   Attr      Idx    E Section Name        Object

    0x20000000   0x000000ec   Data   RW          198    .data               timer.o
    0x200000ec   0x0000000c   Data   RW          325    .data               usart.o
    0x200000f8   0x00000002   Data   RW          400    .data               rtc.o
    0x200000fa   0x00000004   Data   RW          504    .data               main.o
    0x200000fe   0x00000004   Data   RW          632    .data               delay.o
    0x20000102   0x00000014   Data   RW         2281    .data               stm32f10x_rcc.o
    0x20000116   0x00000002   PAD
    0x20000118   0x000004e0   Zero   RW          119    .bss                ws281x.o
    0x200005f8   0x0000000a   Zero   RW          398    .bss                rtc.o
    0x20000602   0x00000060   Zero   RW          503    .bss                main.o
    0x20000662   0x00000002   PAD
    0x20000664   0x00000060   Zero   RW         3744    .bss                c_w.l(libspace.o)
    0x200006c4   0x00000004   PAD
    0x200006c8   0x00000200   Zero   RW         3662    HEAP                startup_stm32f10x_ld.o
    0x200008c8   0x00000400   Zero   RW         3661    STACK               startup_stm32f10x_ld.o


==============================================================================

Image component sizes


      Code (inc. data)   RO Data    RW Data    ZI Data      Debug   Object Name

       120         12          0          4          0       1228   delay.o
       832        120          0          4         96       3038   main.o
       152         12          0          0          0       1550   misc.o
       824         36       2072          0          0       5943   oled_i2c.o
       244         18          0          0          0     269467   pwm.o
       900         36         24          2         10       5622   rtc.o
        64         26        236          0       1536        796   startup_stm32f10x_ld.o
        44          4          0          0          0        500   step.o
        72         10          0          0          0       2692   stm32f10x_bkp.o
       492         26          0          0          0       5119   stm32f10x_dma.o
       296          0          0          0          0       2572   stm32f10x_gpio.o
       430         14          0          0          0       6590   stm32f10x_i2c.o
        26          0          0          0          0       3890   stm32f10x_it.o
        12          6          0          0          0        514   stm32f10x_pwr.o
       524         76          0         20          0       8888   stm32f10x_rcc.o
       260         48          0          0          0       5144   stm32f10x_rtc.o
       458         62          0          0          0       6023   stm32f10x_tim.o
       564         28          0          0          0       5569   stm32f10x_usart.o
         0          0          0          0          0         32   sys.o
       328         28          0          0          0       1881   system_stm32f10x.o
       588         78          0        236          0       3526   timer.o
       204         14          0         12          0       3936   usart.o
       280         16          0          0       1248       2961   ws281x.o

    ----------------------------------------------------------------------
      7732        670       2364        280       2892     347481   Object Totals
         0          0         32          0          0          0   (incl. Generated)
        18          0          0          2          2          0   (incl. Padding)

    ----------------------------------------------------------------------

      Code (inc. data)   RO Data    RW Data    ZI Data      Debug   Library Member Name

         8          0          0          0          0         68   __main.o
       104          0          0          0          0         84   __printf.o
         0          0          0          0          0          0   __rtentry.o
        12          0          0          0          0          0   __rtentry2.o
         6          0          0          0          0          0   __rtentry4.o
        52          8          0          0          0          0   __scatter.o
        26          0          0          0          0          0   __scatter_copy.o
        28          0          0          0          0          0   __scatter_zi.o
        48          6          0          0          0         96   _printf_char_common.o
         6          0          0          0          0          0   _printf_d.o
       120         16          0          0          0         92   _printf_dec.o
       178          0          0          0          0         88   _printf_intcommon.o
         0          0          0          0          0          0   _printf_percent.o
         4          0          0          0          0          0   _printf_percent_end.o
        10          0          0          0          0         68   _sputc.o
        12          0          0          0          0         72   exit.o
         6          0          0          0          0        152   heapauxi.o
         2          0          0          0          0          0   libinit.o
         2          0          0          0          0          0   libinit2.o
         2          0          0          0          0          0   libshutdown.o
         2          0          0          0          0          0   libshutdown2.o
         8          4          0          0         96         68   libspace.o
        40          6          0          0          0         84   noretval__2sprintf.o
         2          0          0          0          0          0   rtexit.o
        10          0          0          0          0          0   rtexit2.o
        74          0          0          0          0         80   sys_stackheap_outer.o
         2          0          0          0          0         68   use_no_semi.o
         2          0          0          0          0         68   use_no_semi_2.o

    ----------------------------------------------------------------------
       772         40          0          0        100       1088   Library Totals
         6          0          0          0          4          0   (incl. Padding)

    ----------------------------------------------------------------------

      Code (inc. data)   RO Data    RW Data    ZI Data      Debug   Library Name

       766         40          0          0         96       1088   c_w.l

    ----------------------------------------------------------------------
       772         40          0          0        100       1088   Library Totals

    ----------------------------------------------------------------------

==============================================================================


      Code (inc. data)   RO Data    RW Data    ZI Data      Debug   

      8504        710       2364        280       2992     343105   Grand Totals
      8504        710       2364        280       2992     343105   ELF Image Totals
      8504        710       2364        280          0          0   ROM Totals

==============================================================================

    Total RO  Size (Code + RO Data)                10868 (  10.61kB)
    Total RW  Size (RW Data + ZI Data)              3272 (   3.20kB)
    Total ROM Size (Code + RO Data + RW Data)      11148 (  10.89kB)

==============================================================================

